#
# There is insufficient memory for the Java Runtime Environment to continue.
# Native memory allocation (mmap) failed to map 65536 bytes. Error detail: Failed to commit metaspace.
# Possible reasons:
#   The system is out of physical RAM or swap space
#   This process is running with CompressedOops enabled, and the Java Heap may be blocking the growth of the native heap
# Possible solutions:
#   Reduce memory load on the system
#   Increase physical memory or swap space
#   Check if swap backing store is full
#   Decrease Java heap size (-Xmx/-Xms)
#   Decrease number of Java threads
#   Decrease Java thread stack sizes (-Xss)
#   Set larger code cache with -XX:ReservedCodeCacheSize=
#   JVM is running with Unscaled Compressed Oops mode in which the Java heap is
#     placed in the first 4GB address space. The Java Heap base address is the
#     maximum limit for the native heap growth. Please use -XX:HeapBaseMinAddress
#     to set the Java Heap base and to place the Java Heap above 4GB virtual address.
# This output file may be truncated or incomplete.
#
#  Out of Memory Error (virtualSpaceNode.cpp:113), pid=16720, tid=11128
#
# JRE version: OpenJDK Runtime Environment (23.0.1+11) (build 23.0.1+11-39)
# Java VM: OpenJDK 64-Bit Server VM (23.0.1+11-39, mixed mode, sharing, tiered, compressed oops, compressed class ptrs, g1 gc, windows-amd64)
# No core dump will be written. Minidumps are not enabled by default on client versions of Windows
#

---------------  S U M M A R Y ------------

Command Line: -javaagent:C:\Program Files\JetBrains\IntelliJ IDEA Community Edition 2025.2.1\lib\idea_rt.jar=54890 -Dfile.encoding=UTF-8 -Dsun.stdout.encoding=UTF-8 -Dsun.stderr.encoding=UTF-8 com.amin.aggar.frontend.FrontendApplication

Host: Intel(R) Core(TM) i7-8665U CPU @ 1.90GHz, 8 cores, 7G,  Windows 10 , 64 bit Build 19041 (10.0.19041.5198)
Time: Fri May  8 02:50:14 2026 Arab Standard Time elapsed time: 2.471095 seconds (0d 0h 0m 2s)

---------------  T H R E A D  ---------------

Current thread (0x000001624500a2d0):  JavaThread "main"             [_thread_in_vm, id=11128, stack(0x000000137d600000,0x000000137d700000) (1024K)]

Stack: [0x000000137d600000,0x000000137d700000]
Native frames: (J=compiled Java code, j=interpreted, Vv=VM code, C=native code)
V  [jvm.dll+0x6e08b9]  (no source info available)
V  [jvm.dll+0x87dc83]  (no source info available)
V  [jvm.dll+0x88010e]  (no source info available)
V  [jvm.dll+0x8807e3]  (no source info available)
V  [jvm.dll+0x27aee6]  (no source info available)
V  [jvm.dll+0x87988e]  (no source info available)
V  [jvm.dll+0x682035]  (no source info available)
V  [jvm.dll+0x1e09dc]  (no source info available)
V  [jvm.dll+0x1e07ae]  (no source info available)
V  [jvm.dll+0x684988]  (no source info available)
V  [jvm.dll+0x2219dc]  (no source info available)
V  [jvm.dll+0x682a4e]  (no source info available)
V  [jvm.dll+0x68ce28]  (no source info available)
V  [jvm.dll+0x211fe1]  (no source info available)
V  [jvm.dll+0x21244a]  (no source info available)
V  [jvm.dll+0x212e71]  (no source info available)
V  [jvm.dll+0x20811e]  (no source info available)
V  [jvm.dll+0x5be6df]  (no source info available)
V  [jvm.dll+0x7f3ad6]  (no source info available)
V  [jvm.dll+0x475cf6]  (no source info available)
V  [jvm.dll+0x47bb98]  (no source info available)
C  [java.dll+0x17d4]  (no source info available)
C  0x000001625523127c  (no source info available)

The last pc belongs to native nmethod (printed below).
Java frames: (J=compiled Java code, j=interpreted, Vv=VM code)
J 617  java.lang.ClassLoader.defineClass1(Ljava/lang/ClassLoader;Ljava/lang/String;[BIILjava/security/ProtectionDomain;Ljava/lang/String;)Ljava/lang/Class; java.base@23.0.1 (0 bytes) @ 0x00000162552311e1 [0x0000016255231120+0x00000000000000c1]
J 1231 c1 java.lang.ClassLoader.defineClass(Ljava/lang/String;[BIILjava/security/ProtectionDomain;)Ljava/lang/Class; java.base@23.0.1 (43 bytes) @ 0x000001624d8c33cc [0x000001624d8c3080+0x000000000000034c]
J 1176 c1 java.security.SecureClassLoader.defineClass(Ljava/lang/String;[BIILjava/security/CodeSource;)Ljava/lang/Class; java.base@23.0.1 (16 bytes) @ 0x000001624d8b241c [0x000001624d8b2340+0x00000000000000dc]
J 1052 c1 jdk.internal.loader.BuiltinClassLoader.defineClass(Ljava/lang/String;Ljdk/internal/loader/Resource;)Ljava/lang/Class; java.base@23.0.1 (121 bytes) @ 0x000001624d87b114 [0x000001624d87a1a0+0x0000000000000f74]
J 842 c1 jdk.internal.loader.BuiltinClassLoader.findClassOnClassPathOrNull(Ljava/lang/String;)Ljava/lang/Class; java.base@23.0.1 (64 bytes) @ 0x000001624d82c114 [0x000001624d82b480+0x0000000000000c94]
J 526 c1 jdk.internal.loader.BuiltinClassLoader.loadClassOrNull(Ljava/lang/String;Z)Ljava/lang/Class; java.base@23.0.1 (143 bytes) @ 0x000001624d7c1584 [0x000001624d7c0b60+0x0000000000000a24]
J 634 c1 jdk.internal.loader.ClassLoaders$AppClassLoader.loadClass(Ljava/lang/String;Z)Ljava/lang/Class; java.base@23.0.1 (40 bytes) @ 0x000001624d7ebb44 [0x000001624d7eb960+0x00000000000001e4]
J 633 c1 java.lang.ClassLoader.loadClass(Ljava/lang/String;)Ljava/lang/Class; java.base@23.0.1 (7 bytes) @ 0x000001624d7eb734 [0x000001624d7eb620+0x0000000000000114]
v  ~StubRoutines::call_stub 0x0000016254c70fcd
J 2634  java.lang.Class.getDeclaredMethods0(Z)[Ljava/lang/reflect/Method; java.base@23.0.1 (0 bytes) @ 0x00000162552b5e63 [0x00000162552b5e20+0x0000000000000043]
J 2326 c1 java.lang.Class.privateGetDeclaredMethods(Z)[Ljava/lang/reflect/Method; java.base@23.0.1 (64 bytes) @ 0x000001624da6a614 [0x000001624da6a4a0+0x0000000000000174]
j  java.lang.Class.getDeclaredMethods()[Ljava/lang/reflect/Method;+20 java.base@23.0.1
j  org.springframework.util.ReflectionUtils.getDeclaredMethods(Ljava/lang/Class;Z)[Ljava/lang/reflect/Method;+24
j  org.springframework.util.ReflectionUtils.doWithMethods(Ljava/lang/Class;Lorg/springframework/util/ReflectionUtils$MethodCallback;Lorg/springframework/util/ReflectionUtils$MethodFilter;)V+16
j  org.springframework.util.ReflectionUtils.getUniqueDeclaredMethods(Ljava/lang/Class;Lorg/springframework/util/ReflectionUtils$MethodFilter;)[Ljava/lang/reflect/Method;+18
j  org.springframework.beans.factory.support.AbstractAutowireCapableBeanFactory.lambda$getTypeForFactoryMethod$0(Ljava/lang/Class;)[Ljava/lang/reflect/Method;+4
j  org.springframework.beans.factory.support.AbstractAutowireCapableBeanFactory$$Lambda+0x00000162012a5f90.apply(Ljava/lang/Object;)Ljava/lang/Object;+4
J 656 c1 java.util.concurrent.ConcurrentHashMap.computeIfAbsent(Ljava/lang/Object;Ljava/util/function/Function;)Ljava/lang/Object; java.base@23.0.1 (576 bytes) @ 0x000001624d7f3e2c [0x000001624d7f3840+0x00000000000005ec]
j  org.springframework.beans.factory.support.AbstractAutowireCapableBeanFactory.getTypeForFactoryMethod(Ljava/lang/String;Lorg/springframework/beans/factory/support/RootBeanDefinition;[Ljava/lang/Class;)Ljava/lang/Class;+138
J 3126 c1 org.springframework.beans.factory.support.AbstractAutowireCapableBeanFactory.determineTargetType(Ljava/lang/String;Lorg/springframework/beans/factory/support/RootBeanDefinition;[Ljava/lang/Class;)Ljava/lang/Class; (83 bytes) @ 0x000001624db8fd84 [0x000001624db8f9a0+0x00000000000003e4]
J 3140 c1 org.springframework.beans.factory.support.AbstractAutowireCapableBeanFactory.predictBeanType(Ljava/lang/String;Lorg/springframework/beans/factory/support/RootBeanDefinition;[Ljava/lang/Class;)Ljava/lang/Class; (128 bytes) @ 0x000001624db9804c [0x000001624db97f20+0x000000000000012c]
J 3117 c1 org.springframework.beans.factory.support.AbstractBeanFactory.isFactoryBean(Ljava/lang/String;Lorg/springframework/beans/factory/support/RootBeanDefinition;)Z (62 bytes) @ 0x000001624db85efc [0x000001624db85c00+0x00000000000002fc]
j  org.springframework.beans.factory.support.DefaultListableBeanFactory.doGetBeanNamesForType(Lorg/springframework/core/ResolvableType;ZZ)[Ljava/lang/String;+111
j  org.springframework.beans.factory.support.DefaultListableBeanFactory.getBeanNamesForType(Ljava/lang/Class;ZZ)[Ljava/lang/String;+22
j  org.springframework.boot.web.server.autoconfigure.servlet.ServletWebServerConfiguration$BeanPostProcessorsRegistrar.registerSyntheticBeanIfMissing(Lorg/springframework/beans/factory/config/ConfigurableListableBeanFactory;Lorg/springframework/beans/factory/support/BeanDefinitionRegistry;Ljava/lang/String;Ljava/lang/Class;)V+5
j  org.springframework.boot.web.server.autoconfigure.servlet.ServletWebServerConfiguration$BeanPostProcessorsRegistrar.registerBeanDefinitions(Lorg/springframework/core/type/AnnotationMetadata;Lorg/springframework/beans/factory/support/BeanDefinitionRegistry;)V+18
j  org.springframework.context.annotation.ImportBeanDefinitionRegistrar.registerBeanDefinitions(Lorg/springframework/core/type/AnnotationMetadata;Lorg/springframework/beans/factory/support/BeanDefinitionRegistry;Lorg/springframework/beans/factory/support/BeanNameGenerator;)V+3
j  org.springframework.context.annotation.ConfigurationClassBeanDefinitionReader.lambda$loadBeanDefinitionsFromImportBeanDefinitionRegistrars$0(Lorg/springframework/context/annotation/ImportBeanDefinitionRegistrar;Lorg/springframework/core/type/AnnotationMetadata;)V+10
j  org.springframework.context.annotation.ConfigurationClassBeanDefinitionReader$$Lambda+0x000001620129f450.accept(Ljava/lang/Object;Ljava/lang/Object;)V+12
J 3176 c1 java.util.LinkedHashMap.forEach(Ljava/util/function/BiConsumer;)V java.base@23.0.1 (65 bytes) @ 0x000001624dba2df4 [0x000001624dba2c80+0x0000000000000174]
j  org.springframework.context.annotation.ConfigurationClassBeanDefinitionReader.loadBeanDefinitionsFromImportBeanDefinitionRegistrars(Ljava/util/Map;)V+7
j  org.springframework.context.annotation.ConfigurationClassBeanDefinitionReader.loadBeanDefinitionsForConfigurationClass(Lorg/springframework/context/annotation/ConfigurationClass;Lorg/springframework/context/annotation/ConfigurationClassBeanDefinitionReader$TrackedConditionEvaluator;)V+126
j  org.springframework.context.annotation.ConfigurationClassBeanDefinitionReader.loadBeanDefinitions(Ljava/util/Set;)V+40
j  org.springframework.context.annotation.ConfigurationClassPostProcessor.processConfigBeanDefinitions(Lorg/springframework/beans/factory/support/BeanDefinitionRegistry;)V+426
j  org.springframework.context.annotation.ConfigurationClassPostProcessor.postProcessBeanDefinitionRegistry(Lorg/springframework/beans/factory/support/BeanDefinitionRegistry;)V+87
j  org.springframework.context.support.PostProcessorRegistrationDelegate.invokeBeanDefinitionRegistryPostProcessors(Ljava/util/Collection;Lorg/springframework/beans/factory/support/BeanDefinitionRegistry;Lorg/springframework/core/metrics/ApplicationStartup;)V+59
j  org.springframework.context.support.PostProcessorRegistrationDelegate.invokeBeanFactoryPostProcessors(Lorg/springframework/beans/factory/config/ConfigurableListableBeanFactory;Ljava/util/List;)V+238
j  org.springframework.context.support.AbstractApplicationContext.invokeBeanFactoryPostProcessors(Lorg/springframework/beans/factory/config/ConfigurableListableBeanFactory;)V+5
j  org.springframework.context.support.AbstractApplicationContext.refresh()V+62
j  org.springframework.boot.web.server.servlet.context.ServletWebServerApplicationContext.refresh()V+1
j  org.springframework.boot.SpringApplication.refresh(Lorg/springframework/context/ConfigurableApplicationContext;)V+1
j  org.springframework.boot.SpringApplication.refreshContext(Lorg/springframework/context/ConfigurableApplicationContext;)V+19
j  org.springframework.boot.SpringApplication.run([Ljava/lang/String;)Lorg/springframework/context/ConfigurableApplicationContext;+113
j  org.springframework.boot.SpringApplication.run([Ljava/lang/Class;[Ljava/lang/String;)Lorg/springframework/context/ConfigurableApplicationContext;+9
j  org.springframework.boot.SpringApplication.run(Ljava/lang/Class;[Ljava/lang/String;)Lorg/springframework/context/ConfigurableApplicationContext;+9
j  com.amin.aggar.frontend.FrontendApplication.main([Ljava/lang/String;)V+3
v  ~StubRoutines::call_stub 0x0000016254c70fcd
Lock stack of current Java thread (top to bottom):
LockStack[1]: java.lang.Object 
{0x00000000883f6cf0} - klass: 'java/lang/Object'
 - ---- fields (total size 2 words):
LockStack[0]: java.util.concurrent.ConcurrentHashMap$ReservationNode 
{0x00000000883f6908} - klass: 'java/util/concurrent/ConcurrentHashMap$ReservationNode'
 - ---- fields (total size 4 words):
 - final 'hash' 'I' @12  -3 (0xfffffffd)
 - final 'key' 'Ljava/lang/Object;' @16  null (0x00000000)
 - volatile 'val' 'Ljava/lang/Object;' @20  null (0x00000000)
 - volatile 'next' 'Ljava/util/concurrent/ConcurrentHashMap$Node;' @24  null (0x00000000)


Compiled method (n/a) 2546  617     n 0       java.lang.ClassLoader::defineClass1 (native)
 total in heap  [0x0000016255231008,0x00000162552315c0] = 1464
 relocation     [0x00000162552310e0,0x0000016255231118] = 56
 main code      [0x0000016255231120,0x00000162552315bf] = 1183
 stub code      [0x00000162552315bf,0x00000162552315c0] = 1

[Constant Pool (empty)]

[MachCode]
[Entry Point]
  # {method} {0x0000016200476640} 'defineClass1' '(Ljava/lang/ClassLoader;Ljava/lang/String;[BIILjava/security/ProtectionDomain;Ljava/lang/String;)Ljava/lang/Class;' in 'java/lang/ClassLoader'
  # parm0:    rdx:rdx   = 'java/lang/ClassLoader'
  # parm1:    r8:r8     = 'java/lang/String'
  # parm2:    r9:r9     = '[B'
  # parm3:    rdi       = int
  # parm4:    rsi       = int
  # parm5:    rcx:rcx   = 'java/security/ProtectionDomain'
  # parm6:    [sp+0xa0]   = 'java/lang/String'  (sp of caller)
  0x0000016255231120: 6690 448b | 5208 443b 

  0x0000016255231128: ;   {runtime_call ic_miss_stub}
  0x0000016255231128: 5008 0f85 | b0d3 a8ff 
[Verified Entry Point]
  0x0000016255231130: 8984 2400 | 80ff ff55 | 488b ec48 | 81ec 9000 | 0000 6690 | 4181 7f20 | 0100 0000 

  0x000001625523114c: ;   {runtime_call StubRoutines (final stubs)}
  0x000001625523114c: 7405 e8ed | 65a7 ff48 | 837d 1000 | 488d 4510 | 480f 4445 | 1048 8944 | 2440 4889 | 4c24 7048 
  0x000001625523116c: 83f9 0048 | 8d44 2470 | 480f 4444 | 2470 4889 | 4424 3848 | 8974 2430 | 4889 7c24 | 284c 894c 
  0x000001625523118c: 2458 4983 | f900 488d | 4424 5848 | 0f44 4424 | 5848 8944 | 2420 4c89 | 4424 5049 | 83f8 004c 
  0x00000162552311ac: 8d4c 2450 | 4c0f 444c | 2450 4889 | 5424 4848 | 83fa 004c | 8d44 2448 | 4c0f 4444 

  0x00000162552311c8: ;   {oop(a 'java/lang/Class'{0x000000008302e940} = 'java/lang/ClassLoader')}
  0x00000162552311c8: 2448 49be | 40e9 0283 | 0000 0000 | 4c89 7424 | 784c 8d74 | 2478 498b | d6c5 f877 

  0x00000162552311e4: ;   {internal_word}
  0x00000162552311e4: 49ba e111 | 2355 6201 | 0000 4d89 | 97a8 0300 | 0049 89a7 | a003 0000 

  0x00000162552311fc: ;   {external_word}
  0x00000162552311fc: 49ba 41ad | 9538 ff7f | 0000 4180 | 3a00 0f84 | 4e00 0000 | 5241 5041 

  0x0000016255231214: ;   {metadata({method} {0x0000016200476640} 'defineClass1' '(Ljava/lang/ClassLoader;Ljava/lang/String;[BIILjava/security/ProtectionDomain;Ljava/lang/String;)Ljava/lang/Class;' in 'java/lang/ClassLoader')}
  0x0000016255231214: 5148 ba38 | 6647 0062 | 0100 0049 | 8bcf 4883 | ec20 40f6 | c40f 0f84 | 1900 0000 | 4883 ec08 
  0x0000016255231234: ;   {runtime_call}
  0x0000016255231234: 48b8 10ee | 4538 ff7f | 0000 ffd0 | 4883 c408 | e90c 0000 

  0x0000016255231248: ;   {runtime_call}
  0x0000016255231248: 0048 b810 | ee45 38ff | 7f00 00ff | d048 83c4 | 2041 5941 | 585a 498d | 8fc0 0300 | 0041 c787 
  0x0000016255231268: 4404 0000 | 0400 0000 

  0x0000016255231270: ;   {runtime_call}
  0x0000016255231270: 48b8 9416 | a468 ff7f | 0000 ffd0 | c5f8 7741 | c787 4404 | 0000 0500 | 0000 f083 | 4424 c000 
  0x0000016255231290: 493b af48 | 0400 000f | 870e 0000 | 0041 83bf | 4004 0000 | 000f 842b | 0000 00c5 | f877 4889 
  0x00000162552312b0: 45f8 498b | cf4c 8be4 | 4883 ec20 | 4883 e4f0 

  0x00000162552312c0: ;   {runtime_call}
  0x00000162552312c0: 48b8 90a9 | 0f38 ff7f | 0000 ffd0 | 498b e44d | 33e4 488b | 45f8 41c7 | 8744 0400 | 0008 0000 
  0x00000162552312e0: 0041 83bf | c804 0000 | 020f 84a3 

  0x00000162552312ec: ;   {external_word}
  0x00000162552312ec: 0200 0049 | ba41 ad95 | 38ff 7f00 | 0041 803a | 000f 844c | 0000 0048 

  0x0000016255231304: ;   {metadata({method} {0x0000016200476640} 'defineClass1' '(Ljava/lang/ClassLoader;Ljava/lang/String;[BIILjava/security/ProtectionDomain;Ljava/lang/String;)Ljava/lang/Class;' in 'java/lang/ClassLoader')}
  0x0000016255231304: 8945 f848 | ba38 6647 | 0062 0100 | 0049 8bcf | 4883 ec20 | 40f6 c40f | 0f84 1900 | 0000 4883 
  0x0000016255231324: ;   {runtime_call}
  0x0000016255231324: ec08 48b8 | 10ee 4538 | ff7f 0000 | ffd0 4883 | c408 e90c 

  0x0000016255231338: ;   {runtime_call}
  0x0000016255231338: 0000 0048 | b810 ee45 | 38ff 7f00 | 00ff d048 | 83c4 2048 | 8b45 f849 | c787 a003 | 0000 0000 
  0x0000016255231358: 0000 49c7 | 87a8 0300 | 0000 0000 | 00c5 f877 | 4885 c00f | 84fe 0100 | 00a8 030f | 8508 0000 
  0x0000016255231378: 0048 8b00 | e9ee 0100 | 00a8 010f | 8509 0000 | 0048 8b40 | fee9 dd01 | 0000 488b | 40ff 4180 
  0x0000016255231398: 7f38 000f | 84ce 0100 | 0048 83f8 | 000f 84c4 | 0100 0049 | 8b4f 2848 | 83f9 000f | 8414 0000 
  0x00000162552313b8: 0048 83e9 | 0849 894f | 2849 034f | 3048 8901 | e9a2 0100 | 0048 81ec | d000 0000 | 4889 0424 
  0x00000162552313d8: 4889 4c24 | 0848 8954 | 2410 4889 | 7424 1848 | 897c 2420 | 4c89 4424 | 284c 894c | 2430 4c89 
  0x00000162552313f8: 5424 384c | 895c 2440 | c5fb 1144 | 2450 c5fb | 114c 2458 | c5fb 1154 | 2460 c5fb | 115c 2468 
  0x0000016255231418: c5fb 1164 | 2470 c5fb | 116c 2478 | c5fb 11b4 | 2480 0000 | 00c5 fb11 | bc24 8800 | 0000 c57b 
  0x0000016255231438: ;   {no_reloc}
  0x0000016255231438: 1184 2490 | 0000 00c5 | 7b11 8c24 | 9800 0000 | c57b 1194 | 24a0 0000 | 00c5 7b11 | 9c24 a800 
  0x0000016255231458: 0000 c57b | 11a4 24b0 | 0000 00c5 | 7b11 ac24 | b800 0000 | c57b 11b4 | 24c0 0000 | 00c5 7b11 
  0x0000016255231478: bc24 c800 | 0000 498b | d748 8bc8 | 4883 ec20 | 40f6 c40f | 0f84 1900 | 0000 4883 

  0x0000016255231494: ;   {runtime_call}
  0x0000016255231494: ec08 48b8 | e007 0338 | ff7f 0000 | ffd0 4883 | c408 e90c 

  0x00000162552314a8: ;   {runtime_call}
  0x00000162552314a8: 0000 0048 | b8e0 0703 | 38ff 7f00 | 00ff d048 | 83c4 20c5 | 7b10 bc24 | c800 0000 | c57b 10b4 
  0x00000162552314c8: 24c0 0000 | 00c5 7b10 | ac24 b800 | 0000 c57b | 10a4 24b0 | 0000 00c5 | 7b10 9c24 | a800 0000 
  0x00000162552314e8: c57b 1094 | 24a0 0000 | 00c5 7b10 | 8c24 9800 | 0000 c57b | 1084 2490 | 0000 00c5 | fb10 bc24 
  0x0000016255231508: 8800 0000 | c5fb 10b4 | 2480 0000 | 00c5 fb10 | 6c24 78c5 | fb10 6424 | 70c5 fb10 | 5c24 68c5 
  0x0000016255231528: fb10 5424 | 60c5 fb10 | 4c24 58c5 | fb10 4424 | 504c 8b5c | 2440 4c8b | 5424 384c | 8b4c 2430 
  0x0000016255231548: 4c8b 4424 | 2848 8b7c | 2420 488b | 7424 1848 | 8b54 2410 | 488b 4c24 | 0848 8b04 | 2448 81c4 
  0x0000016255231568: d000 0000 | c5f8 7749 | 8b8f 3004 | 0000 c781 | 0001 0000 | 0000 0000 | c949 837f | 0800 0f85 
  0x0000016255231588: 0100 0000 

  0x000001625523158c: ;   {runtime_call StubRoutines (initial stubs)}
  0x000001625523158c: c3e9 2ef9 | a3ff c5f8 | 7748 8945 | f84c 8be4 | 4883 ec20 | 4883 e4f0 

  0x00000162552315a4: ;   {runtime_call}
  0x00000162552315a4: 48b8 c022 | 4638 ff7f | 0000 ffd0 | 498b e44d | 33e4 488b | 45f8 e930 | fdff fff4 
[/MachCode]


Compiled method (c1) 2553 1231       3       java.lang.ClassLoader::defineClass (43 bytes)
 total in heap  [0x000001624d8c2f08,0x000001624d8c35c8] = 1728
 relocation     [0x000001624d8c2fe0,0x000001624d8c3080] = 160
 main code      [0x000001624d8c3080,0x000001624d8c3510] = 1168
 stub code      [0x000001624d8c3510,0x000001624d8c3588] = 120
 metadata       [0x000001624d8c3588,0x000001624d8c35c8] = 64
 immutable data [0x0000016241b5e540,0x0000016241b5e750] = 528
 dependencies   [0x0000016241b5e540,0x0000016241b5e558] = 24
 nul chk table  [0x0000016241b5e558,0x0000016241b5e580] = 40
 scopes pcs     [0x0000016241b5e580,0x0000016241b5e660] = 224
 scopes data    [0x0000016241b5e660,0x0000016241b5e750] = 240

[Constant Pool (empty)]

[MachCode]
[Instructions begin]
  0x000001624d8c3080: 6666 660f | 1f84 0000 | 0000 0066 | 6666 9066 | 6690 448b | 5208 443b 

  0x000001624d8c3098: ;   {runtime_call ic_miss_stub}
  0x000001624d8c3098: 5008 0f85 | 40b4 3f07 
[Verified Entry Point]
  0x000001624d8c30a0: 8984 2400 | 80ff ff55 | 4881 ecb0 | 0000 0090 | 4181 7f20 | 0100 0000 

  0x000001624d8c30b8: ;   {runtime_call StubRoutines (final stubs)}
  0x000001624d8c30b8: 7405 e881 | 463e 0748 | 8954 2478 

  0x000001624d8c30c4: ;   {metadata(method data for {method} {0x00000162004769c0} 'defineClass' '(Ljava/lang/String;[BIILjava/security/ProtectionDomain;)Ljava/lang/Class;' in 'java/lang/ClassLoader')}
  0x000001624d8c30c4: 48bb d00b | 2562 6201 | 0000 8b83 | cc00 0000 | 83c0 0289 | 83cc 0000 | 0025 fe07 | 0000 85c0 
  0x000001624d8c30e4: 0f84 4803 | 0000 89b4 | 2494 0000 | 0089 bc24 | 9000 0000 | 4c89 8c24 | 8800 0000 

  0x000001624d8c3100: ;   {metadata(method data for {method} {0x00000162004769c0} 'defineClass' '(Ljava/lang/String;[BIILjava/security/ProtectionDomain;)Ljava/lang/Class;' in 'java/lang/ClassLoader')}
  0x000001624d8c3100: 488b da48 | b8d0 0b25 | 6262 0100 | 0048 8380 | 1801 0000 | 0149 8bd8 | 4c8b c34c | 8bc9 488b 
  0x000001624d8c3120: ca48 8bd1 | 4889 9c24 | 8000 0000 

  0x000001624d8c312c: ;   {optimized virtual_call}
  0x000001624d8c312c: 6666 90e8 

  0x000001624d8c3130: ; ImmutableOopMap {[120]=Oop [128]=Oop [136]=Oop }
                      ;*invokevirtual preDefineClass {reexecute=0 rethrow=0 return_oop=0}
                      ; - java.lang.ClassLoader::defineClass@4 (line 1024)
  0x000001624d8c3130: ec56 ffff 

  0x000001624d8c3134: ;   {other}
  0x000001624d8c3134: 0f1f 8400 | 2c02 0000 | 4889 8424 | 9800 0000 | 488b 5424 

  0x000001624d8c3148: ;   {metadata(method data for {method} {0x00000162004769c0} 'defineClass' '(Ljava/lang/String;[BIILjava/security/ProtectionDomain;)Ljava/lang/Class;' in 'java/lang/ClassLoader')}
  0x000001624d8c3148: 7849 b8d0 | 0b25 6262 | 0100 0049 | 8380 4801 

  0x000001624d8c3158: ;   {metadata(method data for {method} {0x00000162004766a8} 'defineClassSourceLocation' '(Ljava/security/ProtectionDomain;)Ljava/lang/String;' in 'java/lang/ClassLoader')}
  0x000001624d8c3158: 0000 0149 | b818 d026 | 6262 0100 | 0041 8b90 | cc00 0000 | 83c2 0241 | 8990 cc00 | 0000 81e2 
  0x000001624d8c3178: feff 1f00 | 85d2 0f84 | cf02 0000 

  0x000001624d8c3184: ; implicit exception: dispatches to 0x000001624d8c3474
  0x000001624d8c3184: 483b 004c 

  0x000001624d8c3188: ;   {metadata(method data for {method} {0x00000162004766a8} 'defineClassSourceLocation' '(Ljava/security/ProtectionDomain;)Ljava/lang/String;' in 'java/lang/ClassLoader')}
  0x000001624d8c3188: 8bc0 48ba | 18d0 2662 | 6201 0000 | 4883 8218 | 0100 0001 | 448b 4010 

  0x000001624d8c31a0: ;   {metadata(method data for {method} {0x00000162004766a8} 'defineClassSourceLocation' '(Ljava/security/ProtectionDomain;)Ljava/lang/String;' in 'java/lang/ClassLoader')}
  0x000001624d8c31a0: 4d85 c048 | ba18 d026 | 6262 0100 | 00be 5801 | 0000 7505 | be48 0100 | 0048 8b3c | 3248 8d7f 
  0x000001624d8c31c0: 0148 893c | 320f 850f 

  0x000001624d8c31c8: ;   {oop(nullptr)}
  0x000001624d8c31c8: 0000 0048 | bb00 0000 | 0000 0000 | 00e9 9d01 | 0000 493b | 0049 8bd0 

  0x000001624d8c31e0: ;   {metadata(method data for {method} {0x00000162004766a8} 'defineClassSourceLocation' '(Ljava/security/ProtectionDomain;)Ljava/lang/String;' in 'java/lang/ClassLoader')}
  0x000001624d8c31e0: 48be 18d0 | 2662 6201 | 0000 4883 | 8668 0100 | 0001 418b | 500c 4885 

  0x000001624d8c31f8: ;   {metadata(method data for {method} {0x00000162004766a8} 'defineClassSourceLocation' '(Ljava/security/ProtectionDomain;)Ljava/lang/String;' in 'java/lang/ClassLoader')}
  0x000001624d8c31f8: d248 be18 | d026 6262 | 0100 00bf | a801 0000 | 7505 bf98 | 0100 0048 | 8b1c 3e48 | 8d5b 0148 
  0x000001624d8c3218: 891c 3e0f | 850f 0000 

  0x000001624d8c3220: ;   {oop(nullptr)}
  0x000001624d8c3220: 0048 bb00 | 0000 0000 | 0000 00e9 | 4701 0000 

  0x000001624d8c3230: ;   {metadata(method data for {method} {0x00000162004766a8} 'defineClassSourceLocation' '(Ljava/security/ProtectionDomain;)Ljava/lang/String;' in 'java/lang/ClassLoader')}
  0x000001624d8c3230: 48be 18d0 | 2662 6201 | 0000 4883 | 86b8 0100 | 0001 483b | 024c 8bc2 

  0x000001624d8c3248: ;   {metadata(method data for {method} {0x00000162004766a8} 'defineClassSourceLocation' '(Ljava/security/ProtectionDomain;)Ljava/lang/String;' in 'java/lang/ClassLoader')}
  0x000001624d8c3248: 48be 18d0 | 2662 6201 | 0000 4883 | 86e8 0100 

  0x000001624d8c3258: ;   {metadata(method data for {method} {0x000001620017ce80} 'toString' '()Ljava/lang/String;' in 'java/net/URL')}
  0x000001624d8c3258: 0001 49b8 | 8870 1662 | 6201 0000 | 418b b0cc | 0000 0083 | c602 4189 | b0cc 0000 | 0081 e6fe 
  0x000001624d8c3278: ff1f 0085 | f60f 8400 | 0200 004c 

  0x000001624d8c3284: ;   {metadata(method data for {method} {0x000001620017ce80} 'toString' '()Ljava/lang/String;' in 'java/net/URL')}
  0x000001624d8c3284: 8bc2 48be | 8870 1662 | 6201 0000 | 4883 8618 | 0100 0001 

  0x000001624d8c3298: ;   {metadata(method data for {method} {0x000001620046f490} 'toExternalForm' '()Ljava/lang/String;' in 'java/net/URL')}
  0x000001624d8c3298: 49b8 1072 | 1662 6201 | 0000 418b | b0cc 0000 | 0083 c602 | 4189 b0cc | 0000 0081 | e6fe ff1f 
  0x000001624d8c32b8: 0085 f60f | 84e3 0100 | 008b 7238 

  0x000001624d8c32c4: ; implicit exception: dispatches to 0x000001624d8c34c5
  0x000001624d8c32c4: 483b 064c 

  0x000001624d8c32c8: ;   {metadata(method data for {method} {0x000001620046f490} 'toExternalForm' '()Ljava/lang/String;' in 'java/net/URL')}
  0x000001624d8c32c8: 8bc6 48bf | 1072 1662 | 6201 0000 | 458b 4008 | 49ba 0000 | 0000 6201 | 0000 4d03 | c24c 3b87 
  0x000001624d8c32e8: 2001 0000 | 750d 4883 | 8728 0100 | 0001 e960 | 0000 004c | 3b87 3001 | 0000 750d | 4883 8738 
  0x000001624d8c3308: 0100 0001 | e94a 0000 | 0048 83bf | 2001 0000 | 0075 174c | 8987 2001 | 0000 48c7 | 8728 0100 
  0x000001624d8c3328: 0001 0000 | 00e9 2900 | 0000 4883 | bf30 0100 | 0000 7517 | 4c89 8730 | 0100 0048 | c787 3801 
  0x000001624d8c3348: 0000 0100 | 0000 e908 | 0000 0048 | 8387 1801 | 0000 014c | 8bc2 488b | d666 0f1f 

  0x000001624d8c3364: ;   {optimized virtual_call}
  0x000001624d8c3364: 4400 00e8 

  0x000001624d8c3368: ; ImmutableOopMap {[120]=Oop [128]=Oop [136]=Oop [152]=Oop }
                      ;*invokevirtual toExternalForm {reexecute=0 rethrow=0 return_oop=0}
                      ; - java.net.URL::toExternalForm@5 (line 1203)
                      ; - java.net.URL::toString@1 (line 1189)
                      ; - java.lang.ClassLoader::defineClassSourceLocation@22 (line 928)
                      ; - java.lang.ClassLoader::defineClass@12 (line 1025)
  0x000001624d8c3368: 34d6 f9ff 

  0x000001624d8c336c: ;   {other}
  0x000001624d8c336c: 0f1f 8400 | 6404 0001 | 488b d848 | 8b84 2498 | 0000 008b | b424 9400 | 0000 8bbc | 2490 0000 
  0x000001624d8c338c: 004c 8b8c | 2488 0000 | 004c 8b84 | 2480 0000 | 0048 8b54 

  0x000001624d8c33a0: ;   {metadata(method data for {method} {0x00000162004769c0} 'defineClass' '(Ljava/lang/String;[BIILjava/security/ProtectionDomain;)Ljava/lang/Class;' in 'java/lang/ClassLoader')}
  0x000001624d8c33a0: 2478 48b9 | d00b 2562 | 6201 0000 | 4883 8178 | 0100 0001 | 4c8b da49 | 8bd3 488b | c848 891c 
  0x000001624d8c33c0: 2466 0f1f 

  0x000001624d8c33c4: ;   {static_call}
  0x000001624d8c33c4: 4400 00e8 

  0x000001624d8c33c8: ; ImmutableOopMap {[120]=Oop [152]=Oop }
                      ;*invokestatic defineClass1 {reexecute=0 rethrow=0 return_oop=0}
                      ; - java.lang.ClassLoader::defineClass@27 (line 1026)
  0x000001624d8c33c8: 64dd 9607 

  0x000001624d8c33cc: ;   {other}
  0x000001624d8c33cc: 0f1f 8400 | c404 0002 | 488b 5424 

  0x000001624d8c33d8: ;   {metadata(method data for {method} {0x00000162004769c0} 'defineClass' '(Ljava/lang/String;[BIILjava/security/ProtectionDomain;)Ljava/lang/Class;' in 'java/lang/ClassLoader')}
  0x000001624d8c33d8: 7849 b8d0 | 0b25 6262 | 0100 0049 | 8380 8801 | 0000 014c | 8bc0 4c8b | 8c24 9800 | 0000 488b 
  0x000001624d8c33f8: 5424 7848 | 8984 24a0 | 0000 000f 

  0x000001624d8c3404: ;   {optimized virtual_call}
  0x000001624d8c3404: 1f40 00e8 

  0x000001624d8c3408: ; ImmutableOopMap {[160]=Oop }
                      ;*invokevirtual postDefineClass {reexecute=0 rethrow=0 return_oop=0}
                      ; - java.lang.ClassLoader::defineClass@37 (line 1027)
  0x000001624d8c3408: 94cc 0000 

  0x000001624d8c340c: ;   {other}
  0x000001624d8c340c: 0f1f 8400 | 0405 0003 | 488b 8424 | a000 0000 | 4881 c4b0 | 0000 005d 

  0x000001624d8c3424: ;   {poll_return}
  0x000001624d8c3424: 493b a748 | 0400 000f | 8799 0000 

  0x000001624d8c3430: ;   {metadata({method} {0x00000162004769c0} 'defineClass' '(Ljava/lang/String;[BIILjava/security/ProtectionDomain;)Ljava/lang/Class;' in 'java/lang/ClassLoader')}
  0x000001624d8c3430: 00c3 49ba | b869 4700 | 6201 0000 | 4c89 5424 | 0848 c704 | 24ff ffff 

  0x000001624d8c3448: ;   {runtime_call counter_overflow Runtime1 stub}
  0x000001624d8c3448: ffe8 1228 

  0x000001624d8c344c: ; ImmutableOopMap {rdx=Oop r8=Oop r9=Oop rcx=Oop [120]=Oop }
                      ;*synchronization entry
                      ; - java.lang.ClassLoader::defineClass@-1 (line 1024)
  0x000001624d8c344c: 4c07 e997 

  0x000001624d8c3450: ;   {metadata({method} {0x00000162004766a8} 'defineClassSourceLocation' '(Ljava/security/ProtectionDomain;)Ljava/lang/String;' in 'java/lang/ClassLoader')}
  0x000001624d8c3450: fcff ff49 | baa0 6647 | 0062 0100 | 004c 8954 | 2408 48c7 | 0424 ffff 

  0x000001624d8c3468: ;   {runtime_call counter_overflow Runtime1 stub}
  0x000001624d8c3468: ffff e8f1 

  0x000001624d8c346c: ; ImmutableOopMap {rax=Oop [120]=Oop [128]=Oop [136]=Oop [152]=Oop }
                      ;*synchronization entry
                      ; - java.lang.ClassLoader::defineClassSourceLocation@-1 (line 925)
                      ; - java.lang.ClassLoader::defineClass@12 (line 1025)
  0x000001624d8c346c: 274c 07e9 | 10fd ffff 

  0x000001624d8c3474: ;   {runtime_call throw_null_pointer_exception Runtime1 stub}
  0x000001624d8c3474: e8e7 c44b 

  0x000001624d8c3478: ; ImmutableOopMap {rax=Oop [120]=Oop [128]=Oop [136]=Oop [152]=Oop }
                      ;*invokevirtual getCodeSource {reexecute=0 rethrow=0 return_oop=0}
                      ; - java.lang.ClassLoader::defineClassSourceLocation@1 (line 925)
                      ; - java.lang.ClassLoader::defineClass@12 (line 1025)
                      ;   {runtime_call throw_null_pointer_exception Runtime1 stub}
  0x000001624d8c3478: 07e8 e2c4 

  0x000001624d8c347c: ; ImmutableOopMap {rax=Oop r8=Oop [120]=Oop [128]=Oop [136]=Oop [152]=Oop }
                      ;*invokevirtual getLocation {reexecute=0 rethrow=0 return_oop=0}
                      ; - java.lang.ClassLoader::defineClassSourceLocation@12 (line 927)
                      ; - java.lang.ClassLoader::defineClass@12 (line 1025)
                      ;   {runtime_call throw_null_pointer_exception Runtime1 stub}
  0x000001624d8c347c: 4b07 e8dd 

  0x000001624d8c3480: ; ImmutableOopMap {rdx=Oop [120]=Oop [128]=Oop [136]=Oop [152]=Oop }
                      ;*invokevirtual toString {reexecute=0 rethrow=0 return_oop=0}
                      ; - java.lang.ClassLoader::defineClassSourceLocation@22 (line 928)
                      ; - java.lang.ClassLoader::defineClass@12 (line 1025)
                      ;   {metadata({method} {0x000001620017ce80} 'toString' '()Ljava/lang/String;' in 'java/net/URL')}
  0x000001624d8c3480: c44b 0749 | ba78 ce17 | 0062 0100 | 004c 8954 | 2408 48c7 | 0424 ffff 

  0x000001624d8c3498: ;   {runtime_call counter_overflow Runtime1 stub}
  0x000001624d8c3498: ffff e8c1 

  0x000001624d8c349c: ; ImmutableOopMap {rdx=Oop [120]=Oop [128]=Oop [136]=Oop [152]=Oop }
                      ;*synchronization entry
                      ; - java.net.URL::toString@-1 (line 1189)
                      ; - java.lang.ClassLoader::defineClassSourceLocation@22 (line 928)
                      ; - java.lang.ClassLoader::defineClass@12 (line 1025)
  0x000001624d8c349c: 274c 07e9 | dffd ffff 

  0x000001624d8c34a4: ;   {metadata({method} {0x000001620046f490} 'toExternalForm' '()Ljava/lang/String;' in 'java/net/URL')}
  0x000001624d8c34a4: 49ba 88f4 | 4600 6201 | 0000 4c89 | 5424 0848 | c704 24ff 

  0x000001624d8c34b8: ;   {runtime_call counter_overflow Runtime1 stub}
  0x000001624d8c34b8: ffff ffe8 

  0x000001624d8c34bc: ; ImmutableOopMap {rdx=Oop [120]=Oop [128]=Oop [136]=Oop [152]=Oop }
                      ;*synchronization entry
                      ; - java.net.URL::toExternalForm@-1 (line 1203)
                      ; - java.net.URL::toString@1 (line 1189)
                      ; - java.lang.ClassLoader::defineClassSourceLocation@22 (line 928)
                      ; - java.lang.ClassLoader::defineClass@12 (line 1025)
  0x000001624d8c34bc: a027 4c07 | e9fc fdff 

  0x000001624d8c34c4: ;   {runtime_call throw_null_pointer_exception Runtime1 stub}
  0x000001624d8c34c4: ffe8 96c4 

  0x000001624d8c34c8: ; ImmutableOopMap {rdx=Oop rsi=Oop [120]=Oop [128]=Oop [136]=Oop [152]=Oop }
                      ;*invokevirtual toExternalForm {reexecute=0 rethrow=0 return_oop=0}
                      ; - java.net.URL::toExternalForm@5 (line 1203)
                      ; - java.net.URL::toString@1 (line 1189)
                      ; - java.lang.ClassLoader::defineClassSourceLocation@22 (line 928)
                      ; - java.lang.ClassLoader::defineClass@12 (line 1025)
                      ;   {internal_word}
  0x000001624d8c34c8: 4b07 49ba | 2434 8c4d | 6201 0000 | 4d89 9760 

  0x000001624d8c34d8: ;   {runtime_call SafepointBlob}
  0x000001624d8c34d8: 0400 00e9 | 001f 4007 | 498b 8700 | 0500 0049 | c787 0005 | 0000 0000 | 0000 49c7 | 8708 0500 
  0x000001624d8c34f8: 0000 0000 | 0048 81c4 | b000 0000 

  0x000001624d8c3504: ;   {runtime_call unwind_exception Runtime1 stub}
  0x000001624d8c3504: 5de9 56ac | 4b07 f4f4 | f4f4 f4f4 
[Stub Code]
  0x000001624d8c3510: ;   {no_reloc}
  0x000001624d8c3510: 0f1f 4400 

  0x000001624d8c3514: ;   {static_stub}
  0x000001624d8c3514: 0048 bb00 | 0000 0000 

  0x000001624d8c351c: ;   {runtime_call nmethod}
  0x000001624d8c351c: 0000 00e9 | fbff ffff 

  0x000001624d8c3524: ;   {static_stub}
  0x000001624d8c3524: 48bb 0000 | 0000 0000 

  0x000001624d8c352c: ;   {runtime_call nmethod}
  0x000001624d8c352c: 0000 e9fb 

  0x000001624d8c3530: ;   {static_stub}
  0x000001624d8c3530: ffff ff48 | bb00 0000 | 0000 0000 

  0x000001624d8c353c: ;   {runtime_call nmethod}
  0x000001624d8c353c: 00e9 fbff 

  0x000001624d8c3540: ;   {static_stub}
  0x000001624d8c3540: ffff 48bb | e065 4700 | 6201 0000 

  0x000001624d8c354c: ;   {runtime_call I2C/C2I adapters}
  0x000001624d8c354c: e969 9e3f 

  0x000001624d8c3550: ;   {runtime_call handle_exception_from_callee Runtime1 stub}
  0x000001624d8c3550: 07e8 0ae2 

  0x000001624d8c3554: ;   {external_word}
  0x000001624d8c3554: 4b07 48b9 | 30d5 6d38 | ff7f 0000 | 4883 e4f0 

  0x000001624d8c3564: ;   {runtime_call}
  0x000001624d8c3564: 48b8 704a | 3438 ff7f | 0000 ffd0 

  0x000001624d8c3570: ;   {section_word}
  0x000001624d8c3570: f449 ba71 | 358c 4d62 | 0100 0041 

  0x000001624d8c357c: ;   {runtime_call DeoptimizationBlob}
  0x000001624d8c357c: 52e9 fe10 | 4007 f4f4 | f4f4 f4f4 
[/MachCode]


Compiled method (c1) 2563 1176       3       java.security.SecureClassLoader::defineClass (16 bytes)
 total in heap  [0x000001624d8b2208,0x000001624d8b24f0] = 744
 relocation     [0x000001624d8b22e0,0x000001624d8b2330] = 80
 main code      [0x000001624d8b2340,0x000001624d8b2498] = 344
 stub code      [0x000001624d8b2498,0x000001624d8b24e8] = 80
 metadata       [0x000001624d8b24e8,0x000001624d8b24f0] = 8
 immutable data [0x0000016241bb6560,0x0000016241bb6600] = 160
 dependencies   [0x0000016241bb6560,0x0000016241bb6568] = 8
 scopes pcs     [0x0000016241bb6568,0x0000016241bb65b8] = 80
 scopes data    [0x0000016241bb65b8,0x0000016241bb6600] = 72

[Constant Pool (empty)]

[MachCode]
[Instructions begin]
  0x000001624d8b2340: 6666 660f | 1f84 0000 | 0000 0066 | 6666 9066 | 6690 448b | 5208 443b 

  0x000001624d8b2358: ;   {runtime_call ic_miss_stub}
  0x000001624d8b2358: 5008 0f85 | 80c1 4007 
[Verified Entry Point]
  0x000001624d8b2360: 8984 2400 | 80ff ff55 | 4883 ec70 | 4181 7f20 | 0100 0000 

  0x000001624d8b2374: ;   {runtime_call StubRoutines (final stubs)}
  0x000001624d8b2374: 7405 e8c5 

  0x000001624d8b2378: ;   {metadata(method data for {method} {0x00000162001a04a8} 'defineClass' '(Ljava/lang/String;[BIILjava/security/CodeSource;)Ljava/lang/Class;' in 'java/security/SecureClassLoader')}
  0x000001624d8b2378: 533f 0748 | bb30 7a21 | 6262 0100 | 008b 83cc | 0000 0083 | c002 8983 | cc00 0000 | 25fe 0700 
  0x000001624d8b2398: 0085 c00f | 8496 0000 | 0089 7424 | 5c89 7c24 | 584c 894c | 2450 4c89 | 4424 4848 

  0x000001624d8b23b4: ;   {metadata(method data for {method} {0x00000162001a04a8} 'defineClass' '(Ljava/lang/String;[BIILjava/security/CodeSource;)Ljava/lang/Class;' in 'java/security/SecureClassLoader')}
  0x000001624d8b23b4: 8bda 48b8 | 307a 2162 | 6201 0000 | 4883 8018 | 0100 0001 | 4c8b c148 | 8bc2 488b | d048 8944 
  0x000001624d8b23d4: ;   {optimized virtual_call}
  0x000001624d8b23d4: 2440 90e8 

  0x000001624d8b23d8: ; ImmutableOopMap {[64]=Oop [72]=Oop [80]=Oop }
                      ;*invokevirtual getProtectionDomain {reexecute=0 rethrow=0 return_oop=0}
                      ; - java.security.SecureClassLoader::defineClass@9 (line 150)
  0x000001624d8b23d8: 4404 0100 

  0x000001624d8b23dc: ;   {other}
  0x000001624d8b23dc: 0f1f 8400 | d401 0000 | 488b 5424 

  0x000001624d8b23e8: ;   {metadata(method data for {method} {0x00000162001a04a8} 'defineClass' '(Ljava/lang/String;[BIILjava/security/CodeSource;)Ljava/lang/Class;' in 'java/security/SecureClassLoader')}
  0x000001624d8b23e8: 4049 b830 | 7a21 6262 | 0100 0049 | 8380 4801 | 0000 014c | 8b44 2448 | 4c8b 4c24 | 508b 7c24 
  0x000001624d8b2408: 588b 7424 | 5c48 8bc8 | 488b 5424 

  0x000001624d8b2414: ;   {optimized virtual_call}
  0x000001624d8b2414: 4066 90e8 

  0x000001624d8b2418: ; ImmutableOopMap {}
                      ;*invokevirtual defineClass {reexecute=0 rethrow=0 return_oop=0}
                      ; - java.security.SecureClassLoader::defineClass@12 (line 150)
  0x000001624d8b2418: 840c 0100 

  0x000001624d8b241c: ;   {other}
  0x000001624d8b241c: 0f1f 8400 | 1402 0001 | 4883 c470 

  0x000001624d8b2428: ;   {poll_return}
  0x000001624d8b2428: 5d49 3ba7 | 4804 0000 | 0f87 2200 

  0x000001624d8b2434: ;   {metadata({method} {0x00000162001a04a8} 'defineClass' '(Ljava/lang/String;[BIILjava/security/CodeSource;)Ljava/lang/Class;' in 'java/security/SecureClassLoader')}
  0x000001624d8b2434: 0000 c349 | baa0 041a | 0062 0100 | 004c 8954 | 2408 48c7 | 0424 ffff 

  0x000001624d8b244c: ;   {runtime_call counter_overflow Runtime1 stub}
  0x000001624d8b244c: ffff e80d 

  0x000001624d8b2450: ; ImmutableOopMap {rdx=Oop r8=Oop r9=Oop rcx=Oop }
                      ;*synchronization entry
                      ; - java.security.SecureClassLoader::defineClass@-1 (line 150)
  0x000001624d8b2450: 384d 07e9 | 49ff ffff 

  0x000001624d8b2458: ;   {internal_word}
  0x000001624d8b2458: 49ba 2924 | 8b4d 6201 | 0000 4d89 | 9760 0400 

  0x000001624d8b2468: ;   {runtime_call SafepointBlob}
  0x000001624d8b2468: 00e9 722f | 4107 498b | 8700 0500 | 0049 c787 | 0005 0000 | 0000 0000 | 49c7 8708 | 0500 0000 
  0x000001624d8b2488: 0000 0048 | 83c4 705d 

  0x000001624d8b2490: ;   {runtime_call unwind_exception Runtime1 stub}
  0x000001624d8b2490: e9cb bc4c | 07f4 f4f4 
[Stub Code]
  0x000001624d8b2498: ;   {no_reloc}
  0x000001624d8b2498: 48bb f003 | 1a00 6201 

  0x000001624d8b24a0: ;   {runtime_call I2C/C2I adapters}
  0x000001624d8b24a0: 0000 e98f 

  0x000001624d8b24a4: ;   {static_stub}
  0x000001624d8b24a4: 1a41 0748 | bbb8 6947 | 0062 0100 

  0x000001624d8b24b0: ;   {runtime_call I2C/C2I adapters}
  0x000001624d8b24b0: 00e9 0e15 

  0x000001624d8b24b4: ;   {runtime_call handle_exception_from_callee Runtime1 stub}
  0x000001624d8b24b4: 4007 e8a5 

  0x000001624d8b24b8: ;   {external_word}
  0x000001624d8b24b8: f24c 0748 | b930 d56d | 38ff 7f00 | 0048 83e4 

  0x000001624d8b24c8: ;   {runtime_call}
  0x000001624d8b24c8: f048 b870 | 4a34 38ff | 7f00 00ff 

  0x000001624d8b24d4: ;   {section_word}
  0x000001624d8b24d4: d0f4 49ba | d624 8b4d | 6201 0000 

  0x000001624d8b24e0: ;   {runtime_call DeoptimizationBlob}
  0x000001624d8b24e0: 4152 e999 | 2141 07f4 
[/MachCode]


---------------  P R O C E S S  ---------------

Threads class SMR info:
_java_thread_list=0x00000162666cde20, length=12, elements={
0x000001624500a2d0, 0x0000016261b7e8c0, 0x0000016261b80a40, 0x0000016261b83d20,
0x0000016261b86790, 0x0000016261b87550, 0x0000016261b8ffc0, 0x0000016261b93870,
0x0000016261b9a220, 0x00000162410ef3a0, 0x00000162410f00c0, 0x00000162410efa30
}

Java Threads: ( => current thread )
=>0x000001624500a2d0 JavaThread "main"                              [_thread_in_vm, id=11128, stack(0x000000137d600000,0x000000137d700000) (1024K)]
  0x0000016261b7e8c0 JavaThread "Reference Handler"          daemon [_thread_blocked, id=14280, stack(0x000000137de00000,0x000000137df00000) (1024K)]
  0x0000016261b80a40 JavaThread "Finalizer"                  daemon [_thread_blocked, id=17972, stack(0x000000137df00000,0x000000137e000000) (1024K)]
  0x0000016261b83d20 JavaThread "Signal Dispatcher"          daemon [_thread_blocked, id=17900, stack(0x000000137e000000,0x000000137e100000) (1024K)]
  0x0000016261b86790 JavaThread "Attach Listener"            daemon [_thread_blocked, id=5392, stack(0x000000137e100000,0x000000137e200000) (1024K)]
  0x0000016261b87550 JavaThread "Service Thread"             daemon [_thread_blocked, id=17832, stack(0x000000137e200000,0x000000137e300000) (1024K)]
  0x0000016261b8ffc0 JavaThread "Monitor Deflation Thread"   daemon [_thread_blocked, id=7692, stack(0x000000137e300000,0x000000137e400000) (1024K)]
  0x0000016261b93870 JavaThread "C2 CompilerThread0"         daemon [_thread_in_native, id=15444, stack(0x000000137e400000,0x000000137e500000) (1024K)]
  0x0000016261b9a220 JavaThread "C1 CompilerThread0"         daemon [_thread_blocked, id=252, stack(0x000000137e500000,0x000000137e600000) (1024K)]
  0x00000162410ef3a0 JavaThread "Common-Cleaner"             daemon [_thread_blocked, id=9684, stack(0x000000137e600000,0x000000137e700000) (1024K)]
  0x00000162410f00c0 JavaThread "Monitor Ctrl-Break"         daemon [_thread_in_native, id=1248, stack(0x000000137e700000,0x000000137e800000) (1024K)]
  0x00000162410efa30 JavaThread "Notification Thread"        daemon [_thread_blocked, id=6244, stack(0x000000137e800000,0x000000137e900000) (1024K)]
Total: 12

Other Threads:
  0x0000016261b63500 VMThread "VM Thread"                           [id=13992, stack(0x000000137dd00000,0x000000137de00000) (1024K)]
  0x0000016261b51ee0 WatcherThread "VM Periodic Task Thread"        [id=11520, stack(0x000000137dc00000,0x000000137dd00000) (1024K)]
  0x00000162450613b0 WorkerThread "GC Thread#0"                     [id=10544, stack(0x000000137d700000,0x000000137d800000) (1024K)]
  0x00000162660aaee0 WorkerThread "GC Thread#1"                     [id=8576, stack(0x000000137e900000,0x000000137ea00000) (1024K)]
  0x00000162660ab290 WorkerThread "GC Thread#2"                     [id=18388, stack(0x000000137ea00000,0x000000137eb00000) (1024K)]
  0x00000162660b9440 WorkerThread "GC Thread#3"                     [id=16680, stack(0x000000137eb00000,0x000000137ec00000) (1024K)]
  0x00000162660bf160 WorkerThread "GC Thread#4"                     [id=8700, stack(0x000000137ec00000,0x000000137ed00000) (1024K)]
  0x00000162660bf510 WorkerThread "GC Thread#5"                     [id=8524, stack(0x000000137ed00000,0x000000137ee00000) (1024K)]
  0x00000162660bf8c0 WorkerThread "GC Thread#6"                     [id=11804, stack(0x000000137ee00000,0x000000137ef00000) (1024K)]
  0x00000162660bfc70 WorkerThread "GC Thread#7"                     [id=11436, stack(0x000000137ef00000,0x000000137f000000) (1024K)]
  0x0000016242e9de70 ConcurrentGCThread "G1 Main Marker"            [id=17016, stack(0x000000137d800000,0x000000137d900000) (1024K)]
  0x0000016242e9e890 WorkerThread "G1 Conc#0"                       [id=9860, stack(0x000000137d900000,0x000000137da00000) (1024K)]
  0x00000162450ce440 ConcurrentGCThread "G1 Refine#0"               [id=5364, stack(0x000000137da00000,0x000000137db00000) (1024K)]
  0x0000016261a2aff0 ConcurrentGCThread "G1 Service"                [id=15544, stack(0x000000137db00000,0x000000137dc00000) (1024K)]
Total: 14

Threads with active compile tasks:
C2 CompilerThread0  2567 3163   !   4       java.net.URL::<init> (543 bytes)
Total: 1

VM state: not at safepoint (normal execution)

VM Mutex/Monitor currently owned by a thread:  ([mutex/lock_event])
[0x00007fff38981890] Metaspace_lock - owner thread: 0x000001624500a2d0

Heap address: 0x0000000082e00000, size: 2002 MB, Compressed Oops mode: 32-bit

CDS archive(s) mapped at: [0x0000016200000000-0x0000016200d70000-0x0000016200d70000), size 14090240, SharedBaseAddress: 0x0000016200000000, ArchiveRelocationMode: 1.
Compressed class space mapped at: 0x0000016201000000-0x0000016241000000, reserved size: 1073741824
Narrow klass base: 0x0000016200000000, Narrow klass shift: 0, Narrow klass range: 0x41000000

GC Precious Log:
 CardTable entry size: 512
 Card Set container configuration: InlinePtr #cards 5 size 8 Array Of Cards #cards 10 size 36 Howl #buckets 4 coarsen threshold 1843 Howl Bitmap #cards 512 size 80 coarsen threshold 460 Card regions per heap region 1 cards per card region 2048
 CPUs: 8 total, 8 available
 Memory: 8002M
 Large Page Support: Disabled
 NUMA Support: Disabled
 Compressed Oops: Enabled (32-bit)
 Heap Region Size: 1M
 Heap Min Capacity: 8M
 Heap Initial Capacity: 126M
 Heap Max Capacity: 2002M
 Pre-touch: Disabled
 Parallel Workers: 8
 Concurrent Workers: 2
 Concurrent Refinement Workers: 8
 Periodic GC: Disabled

Heap:
 garbage-first heap   total reserved 2050048K, committed 129024K, used 45155K [0x0000000082e00000, 0x0000000100000000)
  region size 1024K, 41 young (41984K), 3 survivors (3072K)
 Metaspace       used 20947K, committed 21312K, reserved 1114112K
  class space    used 2630K, committed 2816K, reserved 1048576K

Heap Regions: E=young(eden), S=young(survivor), O=old, HS=humongous(starts), HC=humongous(continues), CS=collection set, F=free, TAMS=top-at-mark-start, PB=parsable bottom
|   0|0x0000000082e00000, 0x0000000082f00000, 0x0000000082f00000|100%| O|  |TAMS 0x0000000082e00000| PB 0x0000000082e00000| Untracked |  0
|   1|0x0000000082f00000, 0x0000000083000000, 0x0000000083000000|100%| O|  |TAMS 0x0000000082f00000| PB 0x0000000082f00000| Untracked |  0
|   2|0x0000000083000000, 0x0000000083100000, 0x0000000083100000|100%| O|  |TAMS 0x0000000083000000| PB 0x0000000083000000| Untracked |  0
|   3|0x0000000083100000, 0x0000000083200000, 0x0000000083200000|100%| O|  |TAMS 0x0000000083100000| PB 0x0000000083100000| Untracked |  0
|   4|0x0000000083200000, 0x00000000832d8300, 0x0000000083300000| 84%| O|  |TAMS 0x0000000083200000| PB 0x0000000083200000| Untracked |  0
|   5|0x0000000083300000, 0x0000000083300000, 0x0000000083400000|  0%| F|  |TAMS 0x0000000083300000| PB 0x0000000083300000| Untracked |  0
|   6|0x0000000083400000, 0x0000000083400000, 0x0000000083500000|  0%| F|  |TAMS 0x0000000083400000| PB 0x0000000083400000| Untracked |  0
|   7|0x0000000083500000, 0x0000000083500000, 0x0000000083600000|  0%| F|  |TAMS 0x0000000083500000| PB 0x0000000083500000| Untracked |  0
|   8|0x0000000083600000, 0x0000000083600000, 0x0000000083700000|  0%| F|  |TAMS 0x0000000083600000| PB 0x0000000083600000| Untracked |  0
|   9|0x0000000083700000, 0x0000000083700000, 0x0000000083800000|  0%| F|  |TAMS 0x0000000083700000| PB 0x0000000083700000| Untracked |  0
|  10|0x0000000083800000, 0x0000000083800000, 0x0000000083900000|  0%| F|  |TAMS 0x0000000083800000| PB 0x0000000083800000| Untracked |  0
|  11|0x0000000083900000, 0x0000000083900000, 0x0000000083a00000|  0%| F|  |TAMS 0x0000000083900000| PB 0x0000000083900000| Untracked |  0
|  12|0x0000000083a00000, 0x0000000083a00000, 0x0000000083b00000|  0%| F|  |TAMS 0x0000000083a00000| PB 0x0000000083a00000| Untracked |  0
|  13|0x0000000083b00000, 0x0000000083b00000, 0x0000000083c00000|  0%| F|  |TAMS 0x0000000083b00000| PB 0x0000000083b00000| Untracked |  0
|  14|0x0000000083c00000, 0x0000000083c00000, 0x0000000083d00000|  0%| F|  |TAMS 0x0000000083c00000| PB 0x0000000083c00000| Untracked |  0
|  15|0x0000000083d00000, 0x0000000083d00000, 0x0000000083e00000|  0%| F|  |TAMS 0x0000000083d00000| PB 0x0000000083d00000| Untracked |  0
|  16|0x0000000083e00000, 0x0000000083e00000, 0x0000000083f00000|  0%| F|  |TAMS 0x0000000083e00000| PB 0x0000000083e00000| Untracked |  0
|  17|0x0000000083f00000, 0x0000000083f00000, 0x0000000084000000|  0%| F|  |TAMS 0x0000000083f00000| PB 0x0000000083f00000| Untracked |  0
|  18|0x0000000084000000, 0x0000000084000000, 0x0000000084100000|  0%| F|  |TAMS 0x0000000084000000| PB 0x0000000084000000| Untracked |  0
|  19|0x0000000084100000, 0x0000000084100000, 0x0000000084200000|  0%| F|  |TAMS 0x0000000084100000| PB 0x0000000084100000| Untracked |  0
|  20|0x0000000084200000, 0x0000000084200000, 0x0000000084300000|  0%| F|  |TAMS 0x0000000084200000| PB 0x0000000084200000| Untracked |  0
|  21|0x0000000084300000, 0x0000000084300000, 0x0000000084400000|  0%| F|  |TAMS 0x0000000084300000| PB 0x0000000084300000| Untracked |  0
|  22|0x0000000084400000, 0x0000000084400000, 0x0000000084500000|  0%| F|  |TAMS 0x0000000084400000| PB 0x0000000084400000| Untracked |  0
|  23|0x0000000084500000, 0x0000000084500000, 0x0000000084600000|  0%| F|  |TAMS 0x0000000084500000| PB 0x0000000084500000| Untracked |  0
|  24|0x0000000084600000, 0x0000000084600000, 0x0000000084700000|  0%| F|  |TAMS 0x0000000084600000| PB 0x0000000084600000| Untracked |  0
|  25|0x0000000084700000, 0x0000000084700000, 0x0000000084800000|  0%| F|  |TAMS 0x0000000084700000| PB 0x0000000084700000| Untracked |  0
|  26|0x0000000084800000, 0x0000000084800000, 0x0000000084900000|  0%| F|  |TAMS 0x0000000084800000| PB 0x0000000084800000| Untracked |  0
|  27|0x0000000084900000, 0x0000000084900000, 0x0000000084a00000|  0%| F|  |TAMS 0x0000000084900000| PB 0x0000000084900000| Untracked |  0
|  28|0x0000000084a00000, 0x0000000084a00000, 0x0000000084b00000|  0%| F|  |TAMS 0x0000000084a00000| PB 0x0000000084a00000| Untracked |  0
|  29|0x0000000084b00000, 0x0000000084b00000, 0x0000000084c00000|  0%| F|  |TAMS 0x0000000084b00000| PB 0x0000000084b00000| Untracked |  0
|  30|0x0000000084c00000, 0x0000000084c00000, 0x0000000084d00000|  0%| F|  |TAMS 0x0000000084c00000| PB 0x0000000084c00000| Untracked |  0
|  31|0x0000000084d00000, 0x0000000084d00000, 0x0000000084e00000|  0%| F|  |TAMS 0x0000000084d00000| PB 0x0000000084d00000| Untracked |  0
|  32|0x0000000084e00000, 0x0000000084e00000, 0x0000000084f00000|  0%| F|  |TAMS 0x0000000084e00000| PB 0x0000000084e00000| Untracked |  0
|  33|0x0000000084f00000, 0x0000000084f00000, 0x0000000085000000|  0%| F|  |TAMS 0x0000000084f00000| PB 0x0000000084f00000| Untracked |  0
|  34|0x0000000085000000, 0x0000000085000000, 0x0000000085100000|  0%| F|  |TAMS 0x0000000085000000| PB 0x0000000085000000| Untracked |  0
|  35|0x0000000085100000, 0x0000000085100000, 0x0000000085200000|  0%| F|  |TAMS 0x0000000085100000| PB 0x0000000085100000| Untracked |  0
|  36|0x0000000085200000, 0x0000000085200000, 0x0000000085300000|  0%| F|  |TAMS 0x0000000085200000| PB 0x0000000085200000| Untracked |  0
|  37|0x0000000085300000, 0x0000000085300000, 0x0000000085400000|  0%| F|  |TAMS 0x0000000085300000| PB 0x0000000085300000| Untracked |  0
|  38|0x0000000085400000, 0x0000000085400000, 0x0000000085500000|  0%| F|  |TAMS 0x0000000085400000| PB 0x0000000085400000| Untracked |  0
|  39|0x0000000085500000, 0x0000000085500000, 0x0000000085600000|  0%| F|  |TAMS 0x0000000085500000| PB 0x0000000085500000| Untracked |  0
|  40|0x0000000085600000, 0x0000000085600000, 0x0000000085700000|  0%| F|  |TAMS 0x0000000085600000| PB 0x0000000085600000| Untracked |  0
|  41|0x0000000085700000, 0x0000000085700000, 0x0000000085800000|  0%| F|  |TAMS 0x0000000085700000| PB 0x0000000085700000| Untracked |  0
|  42|0x0000000085800000, 0x0000000085800000, 0x0000000085900000|  0%| F|  |TAMS 0x0000000085800000| PB 0x0000000085800000| Untracked |  0
|  43|0x0000000085900000, 0x0000000085900000, 0x0000000085a00000|  0%| F|  |TAMS 0x0000000085900000| PB 0x0000000085900000| Untracked |  0
|  44|0x0000000085a00000, 0x0000000085a00000, 0x0000000085b00000|  0%| F|  |TAMS 0x0000000085a00000| PB 0x0000000085a00000| Untracked |  0
|  45|0x0000000085b00000, 0x0000000085b00000, 0x0000000085c00000|  0%| F|  |TAMS 0x0000000085b00000| PB 0x0000000085b00000| Untracked |  0
|  46|0x0000000085c00000, 0x0000000085c00000, 0x0000000085d00000|  0%| F|  |TAMS 0x0000000085c00000| PB 0x0000000085c00000| Untracked |  0
|  47|0x0000000085d00000, 0x0000000085d00000, 0x0000000085e00000|  0%| F|  |TAMS 0x0000000085d00000| PB 0x0000000085d00000| Untracked |  0
|  48|0x0000000085e00000, 0x0000000085e00000, 0x0000000085f00000|  0%| F|  |TAMS 0x0000000085e00000| PB 0x0000000085e00000| Untracked |  0
|  49|0x0000000085f00000, 0x0000000085f00000, 0x0000000086000000|  0%| F|  |TAMS 0x0000000085f00000| PB 0x0000000085f00000| Untracked |  0
|  50|0x0000000086000000, 0x0000000086000000, 0x0000000086100000|  0%| F|  |TAMS 0x0000000086000000| PB 0x0000000086000000| Untracked |  0
|  51|0x0000000086100000, 0x0000000086100000, 0x0000000086200000|  0%| F|  |TAMS 0x0000000086100000| PB 0x0000000086100000| Untracked |  0
|  52|0x0000000086200000, 0x0000000086200000, 0x0000000086300000|  0%| F|  |TAMS 0x0000000086200000| PB 0x0000000086200000| Untracked |  0
|  53|0x0000000086300000, 0x0000000086300000, 0x0000000086400000|  0%| F|  |TAMS 0x0000000086300000| PB 0x0000000086300000| Untracked |  0
|  54|0x0000000086400000, 0x0000000086400000, 0x0000000086500000|  0%| F|  |TAMS 0x0000000086400000| PB 0x0000000086400000| Untracked |  0
|  55|0x0000000086500000, 0x0000000086500000, 0x0000000086600000|  0%| F|  |TAMS 0x0000000086500000| PB 0x0000000086500000| Untracked |  0
|  56|0x0000000086600000, 0x0000000086600000, 0x0000000086700000|  0%| F|  |TAMS 0x0000000086600000| PB 0x0000000086600000| Untracked |  0
|  57|0x0000000086700000, 0x0000000086700000, 0x0000000086800000|  0%| F|  |TAMS 0x0000000086700000| PB 0x0000000086700000| Untracked |  0
|  58|0x0000000086800000, 0x0000000086800000, 0x0000000086900000|  0%| F|  |TAMS 0x0000000086800000| PB 0x0000000086800000| Untracked |  0
|  59|0x0000000086900000, 0x0000000086900000, 0x0000000086a00000|  0%| F|  |TAMS 0x0000000086900000| PB 0x0000000086900000| Untracked |  0
|  60|0x0000000086a00000, 0x0000000086a00000, 0x0000000086b00000|  0%| F|  |TAMS 0x0000000086a00000| PB 0x0000000086a00000| Untracked |  0
|  61|0x0000000086b00000, 0x0000000086b00000, 0x0000000086c00000|  0%| F|  |TAMS 0x0000000086b00000| PB 0x0000000086b00000| Untracked |  0
|  62|0x0000000086c00000, 0x0000000086c00000, 0x0000000086d00000|  0%| F|  |TAMS 0x0000000086c00000| PB 0x0000000086c00000| Untracked |  0
|  63|0x0000000086d00000, 0x0000000086d00000, 0x0000000086e00000|  0%| F|  |TAMS 0x0000000086d00000| PB 0x0000000086d00000| Untracked |  0
|  64|0x0000000086e00000, 0x0000000086e00000, 0x0000000086f00000|  0%| F|  |TAMS 0x0000000086e00000| PB 0x0000000086e00000| Untracked |  0
|  65|0x0000000086f00000, 0x0000000086f00000, 0x0000000087000000|  0%| F|  |TAMS 0x0000000086f00000| PB 0x0000000086f00000| Untracked |  0
|  66|0x0000000087000000, 0x0000000087000000, 0x0000000087100000|  0%| F|  |TAMS 0x0000000087000000| PB 0x0000000087000000| Untracked |  0
|  67|0x0000000087100000, 0x0000000087100000, 0x0000000087200000|  0%| F|  |TAMS 0x0000000087100000| PB 0x0000000087100000| Untracked |  0
|  68|0x0000000087200000, 0x0000000087200000, 0x0000000087300000|  0%| F|  |TAMS 0x0000000087200000| PB 0x0000000087200000| Untracked |  0
|  69|0x0000000087300000, 0x0000000087300000, 0x0000000087400000|  0%| F|  |TAMS 0x0000000087300000| PB 0x0000000087300000| Untracked |  0
|  70|0x0000000087400000, 0x0000000087400000, 0x0000000087500000|  0%| F|  |TAMS 0x0000000087400000| PB 0x0000000087400000| Untracked |  0
|  71|0x0000000087500000, 0x0000000087500000, 0x0000000087600000|  0%| F|  |TAMS 0x0000000087500000| PB 0x0000000087500000| Untracked |  0
|  72|0x0000000087600000, 0x0000000087600000, 0x0000000087700000|  0%| F|  |TAMS 0x0000000087600000| PB 0x0000000087600000| Untracked |  0
|  73|0x0000000087700000, 0x0000000087700000, 0x0000000087800000|  0%| F|  |TAMS 0x0000000087700000| PB 0x0000000087700000| Untracked |  0
|  74|0x0000000087800000, 0x0000000087800000, 0x0000000087900000|  0%| F|  |TAMS 0x0000000087800000| PB 0x0000000087800000| Untracked |  0
|  75|0x0000000087900000, 0x0000000087900000, 0x0000000087a00000|  0%| F|  |TAMS 0x0000000087900000| PB 0x0000000087900000| Untracked |  0
|  76|0x0000000087a00000, 0x0000000087a00000, 0x0000000087b00000|  0%| F|  |TAMS 0x0000000087a00000| PB 0x0000000087a00000| Untracked |  0
|  77|0x0000000087b00000, 0x0000000087b00000, 0x0000000087c00000|  0%| F|  |TAMS 0x0000000087b00000| PB 0x0000000087b00000| Untracked |  0
|  78|0x0000000087c00000, 0x0000000087c00000, 0x0000000087d00000|  0%| F|  |TAMS 0x0000000087c00000| PB 0x0000000087c00000| Untracked |  0
|  79|0x0000000087d00000, 0x0000000087d00000, 0x0000000087e00000|  0%| F|  |TAMS 0x0000000087d00000| PB 0x0000000087d00000| Untracked |  0
|  80|0x0000000087e00000, 0x0000000087e00000, 0x0000000087f00000|  0%| F|  |TAMS 0x0000000087e00000| PB 0x0000000087e00000| Untracked |  0
|  81|0x0000000087f00000, 0x0000000087f00000, 0x0000000088000000|  0%| F|  |TAMS 0x0000000087f00000| PB 0x0000000087f00000| Untracked |  0
|  82|0x0000000088000000, 0x0000000088000000, 0x0000000088100000|  0%| F|  |TAMS 0x0000000088000000| PB 0x0000000088000000| Untracked |  0
|  83|0x0000000088100000, 0x0000000088100000, 0x0000000088200000|  0%| F|  |TAMS 0x0000000088100000| PB 0x0000000088100000| Untracked |  0
|  84|0x0000000088200000, 0x0000000088200000, 0x0000000088300000|  0%| F|  |TAMS 0x0000000088200000| PB 0x0000000088200000| Untracked |  0
|  85|0x0000000088300000, 0x0000000088400000, 0x0000000088400000|100%| E|  |TAMS 0x0000000088300000| PB 0x0000000088300000| Complete |  0
|  86|0x0000000088400000, 0x0000000088500000, 0x0000000088500000|100%| E|CS|TAMS 0x0000000088400000| PB 0x0000000088400000| Complete |  0
|  87|0x0000000088500000, 0x0000000088600000, 0x0000000088600000|100%| E|CS|TAMS 0x0000000088500000| PB 0x0000000088500000| Complete |  0
|  88|0x0000000088600000, 0x0000000088700000, 0x0000000088700000|100%| E|CS|TAMS 0x0000000088600000| PB 0x0000000088600000| Complete |  0
|  89|0x0000000088700000, 0x0000000088800000, 0x0000000088800000|100%| E|CS|TAMS 0x0000000088700000| PB 0x0000000088700000| Complete |  0
|  90|0x0000000088800000, 0x0000000088900000, 0x0000000088900000|100%| E|CS|TAMS 0x0000000088800000| PB 0x0000000088800000| Complete |  0
|  91|0x0000000088900000, 0x0000000088a00000, 0x0000000088a00000|100%| E|CS|TAMS 0x0000000088900000| PB 0x0000000088900000| Complete |  0
|  92|0x0000000088a00000, 0x0000000088b00000, 0x0000000088b00000|100%| E|CS|TAMS 0x0000000088a00000| PB 0x0000000088a00000| Complete |  0
|  93|0x0000000088b00000, 0x0000000088c00000, 0x0000000088c00000|100%| E|CS|TAMS 0x0000000088b00000| PB 0x0000000088b00000| Complete |  0
|  94|0x0000000088c00000, 0x0000000088d00000, 0x0000000088d00000|100%| E|CS|TAMS 0x0000000088c00000| PB 0x0000000088c00000| Complete |  0
|  95|0x0000000088d00000, 0x0000000088e00000, 0x0000000088e00000|100%| E|CS|TAMS 0x0000000088d00000| PB 0x0000000088d00000| Complete |  0
|  96|0x0000000088e00000, 0x0000000088f00000, 0x0000000088f00000|100%| E|CS|TAMS 0x0000000088e00000| PB 0x0000000088e00000| Complete |  0
|  97|0x0000000088f00000, 0x0000000089000000, 0x0000000089000000|100%| E|CS|TAMS 0x0000000088f00000| PB 0x0000000088f00000| Complete |  0
|  98|0x0000000089000000, 0x00000000890409a0, 0x0000000089100000| 25%| S|CS|TAMS 0x0000000089000000| PB 0x0000000089000000| Complete |  0
|  99|0x0000000089100000, 0x0000000089200000, 0x0000000089200000|100%| E|CS|TAMS 0x0000000089100000| PB 0x0000000089100000| Complete |  0
| 100|0x0000000089200000, 0x0000000089300000, 0x0000000089300000|100%| E|CS|TAMS 0x0000000089200000| PB 0x0000000089200000| Complete |  0
| 101|0x0000000089300000, 0x0000000089400000, 0x0000000089400000|100%| E|CS|TAMS 0x0000000089300000| PB 0x0000000089300000| Complete |  0
| 102|0x0000000089400000, 0x0000000089500000, 0x0000000089500000|100%| S|CS|TAMS 0x0000000089400000| PB 0x0000000089400000| Complete |  0
| 103|0x0000000089500000, 0x0000000089600000, 0x0000000089600000|100%| S|CS|TAMS 0x0000000089500000| PB 0x0000000089500000| Complete |  0
| 104|0x0000000089600000, 0x0000000089700000, 0x0000000089700000|100%| E|CS|TAMS 0x0000000089600000| PB 0x0000000089600000| Complete |  0
| 105|0x0000000089700000, 0x0000000089800000, 0x0000000089800000|100%| E|CS|TAMS 0x0000000089700000| PB 0x0000000089700000| Complete |  0
| 106|0x0000000089800000, 0x0000000089900000, 0x0000000089900000|100%| E|CS|TAMS 0x0000000089800000| PB 0x0000000089800000| Complete |  0
| 107|0x0000000089900000, 0x0000000089a00000, 0x0000000089a00000|100%| E|CS|TAMS 0x0000000089900000| PB 0x0000000089900000| Complete |  0
| 108|0x0000000089a00000, 0x0000000089b00000, 0x0000000089b00000|100%| E|CS|TAMS 0x0000000089a00000| PB 0x0000000089a00000| Complete |  0
| 109|0x0000000089b00000, 0x0000000089c00000, 0x0000000089c00000|100%| E|CS|TAMS 0x0000000089b00000| PB 0x0000000089b00000| Complete |  0
| 110|0x0000000089c00000, 0x0000000089d00000, 0x0000000089d00000|100%| E|CS|TAMS 0x0000000089c00000| PB 0x0000000089c00000| Complete |  0
| 111|0x0000000089d00000, 0x0000000089e00000, 0x0000000089e00000|100%| E|CS|TAMS 0x0000000089d00000| PB 0x0000000089d00000| Complete |  0
| 112|0x0000000089e00000, 0x0000000089f00000, 0x0000000089f00000|100%| E|CS|TAMS 0x0000000089e00000| PB 0x0000000089e00000| Complete |  0
| 113|0x0000000089f00000, 0x000000008a000000, 0x000000008a000000|100%| E|CS|TAMS 0x0000000089f00000| PB 0x0000000089f00000| Complete |  0
| 114|0x000000008a000000, 0x000000008a100000, 0x000000008a100000|100%| E|CS|TAMS 0x000000008a000000| PB 0x000000008a000000| Complete |  0
| 115|0x000000008a100000, 0x000000008a200000, 0x000000008a200000|100%| E|CS|TAMS 0x000000008a100000| PB 0x000000008a100000| Complete |  0
| 116|0x000000008a200000, 0x000000008a300000, 0x000000008a300000|100%| E|CS|TAMS 0x000000008a200000| PB 0x000000008a200000| Complete |  0
| 117|0x000000008a300000, 0x000000008a400000, 0x000000008a400000|100%| E|CS|TAMS 0x000000008a300000| PB 0x000000008a300000| Complete |  0
| 118|0x000000008a400000, 0x000000008a500000, 0x000000008a500000|100%| E|CS|TAMS 0x000000008a400000| PB 0x000000008a400000| Complete |  0
| 119|0x000000008a500000, 0x000000008a600000, 0x000000008a600000|100%| E|CS|TAMS 0x000000008a500000| PB 0x000000008a500000| Complete |  0
| 120|0x000000008a600000, 0x000000008a700000, 0x000000008a700000|100%| E|CS|TAMS 0x000000008a600000| PB 0x000000008a600000| Complete |  0
| 121|0x000000008a700000, 0x000000008a800000, 0x000000008a800000|100%| E|CS|TAMS 0x000000008a700000| PB 0x000000008a700000| Complete |  0
| 122|0x000000008a800000, 0x000000008a900000, 0x000000008a900000|100%| E|CS|TAMS 0x000000008a800000| PB 0x000000008a800000| Complete |  0
| 123|0x000000008a900000, 0x000000008aa00000, 0x000000008aa00000|100%| E|CS|TAMS 0x000000008a900000| PB 0x000000008a900000| Complete |  0
| 124|0x000000008aa00000, 0x000000008ab00000, 0x000000008ab00000|100%| E|CS|TAMS 0x000000008aa00000| PB 0x000000008aa00000| Complete |  0
| 125|0x000000008ab00000, 0x000000008ac00000, 0x000000008ac00000|100%| E|CS|TAMS 0x000000008ab00000| PB 0x000000008ab00000| Complete |  0

Card table byte_map: [0x000001625cf70000,0x000001625d360000] _byte_map_base: 0x000001625cb59000

Marking Bits: (CMBitMap*) 0x00000162450619d0
 Bits: [0x000001625d360000, 0x000001625f2a8000)

Polling page: 0x0000016242d90000

Metaspace:

Usage:
  Non-class:     17.89 MB used.
      Class:      2.57 MB used.
       Both:     20.46 MB used.

Virtual space:
  Non-class space:       64.00 MB reserved,      18.06 MB ( 28%) committed,  1 nodes.
      Class space:        1.00 GB reserved,       2.75 MB ( <1%) committed,  1 nodes.
             Both:        1.06 GB reserved,      20.81 MB (  2%) committed. 

Chunk freelists:
   Non-Class:  13.80 MB
       Class:  13.20 MB
        Both:  27.00 MB

MaxMetaspaceSize: unlimited
CompressedClassSpaceSize: 1.00 GB
Initial GC threshold: 21.00 MB
Current GC threshold: 21.00 MB
CDS: on
 - commit_granule_bytes: 65536.
 - commit_granule_words: 8192.
 - virtual_space_node_default_size: 8388608.
 - enlarge_chunks_in_place: 1.
 - use_allocation_guard: 0.


Internal statistics:

num_allocs_failed_limit: 0.
num_arena_births: 448.
num_arena_deaths: 0.
num_vsnodes_births: 2.
num_vsnodes_deaths: 0.
num_space_committed: 333.
num_space_uncommitted: 0.
num_chunks_returned_to_freelist: 0.
num_chunks_taken_from_freelist: 1184.
num_chunk_merges: 0.
num_chunk_splits: 774.
num_chunks_enlarged: 540.
num_inconsistent_stats: 0.

CodeHeap 'non-profiled nmethods': size=120064Kb used=913Kb max_used=913Kb free=119150Kb
 bounds [0x0000016255200000, 0x0000016255470000, 0x000001625c740000]
CodeHeap 'profiled nmethods': size=120000Kb used=4672Kb max_used=4672Kb free=115327Kb
 bounds [0x000001624d740000, 0x000001624dbe0000, 0x0000016254c70000]
CodeHeap 'non-nmethods': size=5696Kb used=1458Kb max_used=1538Kb free=4237Kb
 bounds [0x0000016254c70000, 0x0000016254ee0000, 0x0000016255200000]
CodeCache: size=245760Kb, used=7043Kb, max_used=7123Kb, free=238714Kb
 total_blobs=3834, nmethods=3282, adapters=457, full_count=0
Compilation: enabled, stopped_count=0, restarted_count=0

Compilation events (20 events):
Event: 2.452 Thread 0x0000016261b9a220 3287       3       org.springframework.boot.autoconfigure.condition.OnBeanCondition$Spec::extract (168 bytes)
Event: 2.453 Thread 0x0000016261b9a220 nmethod 3287 0x000001624dbcaf08 code [0x000001624dbcb1a0, 0x000001624dbcc828]
Event: 2.458 Thread 0x0000016261b9a220 3288       3       org.springframework.core.annotation.TypeMappedAnnotations$MergedAnnotationFinder::finish (9 bytes)
Event: 2.458 Thread 0x0000016261b9a220 nmethod 3288 0x000001624dbcc908 code [0x000001624dbcca40, 0x000001624dbccd18]
Event: 2.458 Thread 0x0000016261b9a220 3289       3       org.springframework.core.annotation.TypeMappedAnnotations$MergedAnnotationFinder::finish (13 bytes)
Event: 2.458 Thread 0x0000016261b9a220 nmethod 3289 0x000001624dbccd88 code [0x000001624dbccea0, 0x000001624dbccff8]
Event: 2.458 Thread 0x0000016261b9a220 3290   !   3       org.springframework.boot.autoconfigure.condition.ConditionEvaluationReport::get (68 bytes)
Event: 2.459 Thread 0x0000016261b9a220 nmethod 3290 0x000001624dbcd088 code [0x000001624dbcd220, 0x000001624dbcdb10]
Event: 2.459 Thread 0x0000016261b9a220 3291   !   3       jdk.proxy2.$Proxy29::annotationType (28 bytes)
Event: 2.460 Thread 0x0000016261b9a220 nmethod 3291 0x000001624dbcdb88 code [0x000001624dbcdce0, 0x000001624dbce0c0]
Event: 2.463 Thread 0x0000016261b9a220 3292       3       org.springframework.core.annotation.AbstractMergedAnnotation$$Lambda/0x00000162011f6da0::apply (8 bytes)
Event: 2.463 Thread 0x0000016261b9a220 nmethod 3292 0x000001624dbce108 code [0x000001624dbce260, 0x000001624dbce698]
Event: 2.463 Thread 0x0000016261b9a220 3293       3       org.springframework.core.annotation.AbstractMergedAnnotation::lambda$asAnnotationAttributes$0 (14 bytes)
Event: 2.463 Thread 0x0000016261b9a220 nmethod 3293 0x000001624dbce708 code [0x000001624dbce8a0, 0x000001624dbcf048]
Event: 2.463 Thread 0x0000016261b9a220 3294       3       org.springframework.core.annotation.AnnotationAttributes::<init> (7 bytes)
Event: 2.464 Thread 0x0000016261b9a220 nmethod 3294 0x000001624dbcf108 code [0x000001624dbcf280, 0x000001624dbcf890]
Event: 2.464 Thread 0x0000016261b9a220 3295       3       org.springframework.core.annotation.AnnotationAttributes::<init> (29 bytes)
Event: 2.464 Thread 0x0000016261b9a220 nmethod 3295 0x000001624dbcf908 code [0x000001624dbcfa80, 0x000001624dbd0030]
Event: 2.467 Thread 0x0000016261b9a220 3297       1       java.lang.reflect.Field::getName (5 bytes)
Event: 2.467 Thread 0x0000016261b9a220 nmethod 3297 0x00000162552e4288 code [0x00000162552e43a0, 0x00000162552e4468]

GC Heap History (4 events):
Event: 0.848 GC heap before
{Heap before GC invocations=0 (full 0):
 garbage-first heap   total reserved 2050048K, committed 129024K, used 23552K [0x0000000082e00000, 0x0000000100000000)
  region size 1024K, 24 young (24576K), 0 survivors (0K)
 Metaspace       used 7525K, committed 7808K, reserved 1114112K
  class space    used 923K, committed 1088K, reserved 1048576K
}
Event: 0.854 GC heap after
{Heap after GC invocations=1 (full 0):
 garbage-first heap   total reserved 2050048K, committed 129024K, used 4906K [0x0000000082e00000, 0x0000000100000000)
  region size 1024K, 3 young (3072K), 3 survivors (3072K)
 Metaspace       used 7525K, committed 7808K, reserved 1114112K
  class space    used 923K, committed 1088K, reserved 1048576K
}
Event: 1.485 GC heap before
{Heap before GC invocations=1 (full 0):
 garbage-first heap   total reserved 2050048K, committed 129024K, used 26410K [0x0000000082e00000, 0x0000000100000000)
  region size 1024K, 25 young (25600K), 3 survivors (3072K)
 Metaspace       used 13190K, committed 13568K, reserved 1114112K
  class space    used 1683K, committed 1856K, reserved 1048576K
}
Event: 1.494 GC heap after
{Heap after GC invocations=2 (full 0):
 garbage-first heap   total reserved 2050048K, committed 129024K, used 7267K [0x0000000082e00000, 0x0000000100000000)
  region size 1024K, 3 young (3072K), 3 survivors (3072K)
 Metaspace       used 13190K, committed 13568K, reserved 1114112K
  class space    used 1683K, committed 1856K, reserved 1048576K
}

Dll operation events (10 events):
Event: 0.015 Loaded shared library C:\Users\AHMED\.jdks\openjdk-23.0.1\bin\java.dll
Event: 0.052 Loaded shared library C:\Users\AHMED\.jdks\openjdk-23.0.1\bin\jsvml.dll
Event: 0.126 Loaded shared library C:\Users\AHMED\.jdks\openjdk-23.0.1\bin\zip.dll
Event: 0.135 Loaded shared library C:\Users\AHMED\.jdks\openjdk-23.0.1\bin\instrument.dll
Event: 0.143 Loaded shared library C:\Users\AHMED\.jdks\openjdk-23.0.1\bin\net.dll
Event: 0.144 Loaded shared library C:\Users\AHMED\.jdks\openjdk-23.0.1\bin\nio.dll
Event: 0.149 Loaded shared library C:\Users\AHMED\.jdks\openjdk-23.0.1\bin\zip.dll
Event: 0.224 Loaded shared library C:\Users\AHMED\.jdks\openjdk-23.0.1\bin\extnet.dll
Event: 0.256 Loaded shared library C:\Users\AHMED\.jdks\openjdk-23.0.1\bin\jimage.dll
Event: 1.839 Loaded shared library C:\Users\AHMED\.jdks\openjdk-23.0.1\bin\sunmscapi.dll

Deoptimization events (20 events):
Event: 2.071 Thread 0x000001624500a2d0 Uncommon trap: trap_request=0xffffff45 fr.pc=0x00000162552a6c50 relative=0x0000000000000bb0
Event: 2.071 Thread 0x000001624500a2d0 Uncommon trap: reason=unstable_if action=reinterpret pc=0x00000162552a6c50 method=java.util.jar.JarFile.getVersionedEntry(Ljava/lang/String;Ljava/util/jar/JarEntry;)Ljava/util/jar/JarEntry; @ 26 c2
Event: 2.071 Thread 0x000001624500a2d0 DEOPT PACKING pc=0x00000162552a6c50 sp=0x000000137d6fdbf0
Event: 2.071 Thread 0x000001624500a2d0 DEOPT UNPACKING pc=0x0000016254cc4402 sp=0x000000137d6fdbb0 mode 2
Event: 2.203 Thread 0x000001624500a2d0 Uncommon trap: trap_request=0xffffffde fr.pc=0x0000016255229028 relative=0x00000000000001a8
Event: 2.203 Thread 0x000001624500a2d0 Uncommon trap: reason=class_check action=maybe_recompile pc=0x0000016255229028 method=java.lang.String.equals(Ljava/lang/Object;)Z @ 8 c2
Event: 2.203 Thread 0x000001624500a2d0 DEOPT PACKING pc=0x0000016255229028 sp=0x000000137d6fe810
Event: 2.203 Thread 0x000001624500a2d0 DEOPT UNPACKING pc=0x0000016254cc4402 sp=0x000000137d6fe798 mode 2
Event: 2.203 Thread 0x000001624500a2d0 Uncommon trap: trap_request=0xffffffde fr.pc=0x0000016255229028 relative=0x00000000000001a8
Event: 2.203 Thread 0x000001624500a2d0 Uncommon trap: reason=class_check action=maybe_recompile pc=0x0000016255229028 method=java.lang.String.equals(Ljava/lang/Object;)Z @ 8 c2
Event: 2.203 Thread 0x000001624500a2d0 DEOPT PACKING pc=0x0000016255229028 sp=0x000000137d6fe810
Event: 2.203 Thread 0x000001624500a2d0 DEOPT UNPACKING pc=0x0000016254cc4402 sp=0x000000137d6fe798 mode 2
Event: 2.203 Thread 0x000001624500a2d0 Uncommon trap: trap_request=0xffffffde fr.pc=0x0000016255229028 relative=0x00000000000001a8
Event: 2.203 Thread 0x000001624500a2d0 Uncommon trap: reason=class_check action=maybe_recompile pc=0x0000016255229028 method=java.lang.String.equals(Ljava/lang/Object;)Z @ 8 c2
Event: 2.203 Thread 0x000001624500a2d0 DEOPT PACKING pc=0x0000016255229028 sp=0x000000137d6fe810
Event: 2.203 Thread 0x000001624500a2d0 DEOPT UNPACKING pc=0x0000016254cc4402 sp=0x000000137d6fe798 mode 2
Event: 2.203 Thread 0x000001624500a2d0 Uncommon trap: trap_request=0xffffffde fr.pc=0x0000016255229028 relative=0x00000000000001a8
Event: 2.203 Thread 0x000001624500a2d0 Uncommon trap: reason=class_check action=maybe_recompile pc=0x0000016255229028 method=java.lang.String.equals(Ljava/lang/Object;)Z @ 8 c2
Event: 2.203 Thread 0x000001624500a2d0 DEOPT PACKING pc=0x0000016255229028 sp=0x000000137d6fe810
Event: 2.203 Thread 0x000001624500a2d0 DEOPT UNPACKING pc=0x0000016254cc4402 sp=0x000000137d6fe798 mode 2

Classes loaded (20 events):
Event: 1.835 Loading class javax/security/auth/Subject
Event: 1.835 Loading class javax/security/auth/Subject done
Event: 1.841 Loading class com/sun/security/sasl/Provider
Event: 1.841 Loading class com/sun/security/sasl/Provider done
Event: 1.841 Loading class com/sun/security/sasl/Provider$1
Event: 1.841 Loading class com/sun/security/sasl/Provider$1 done
Event: 1.841 Loading class com/sun/security/sasl/Provider$ProviderService
Event: 1.841 Loading class com/sun/security/sasl/Provider$ProviderService done
Event: 1.841 Loading class sun/security/provider/certpath/ldap/JdkLDAP
Event: 1.841 Loading class sun/security/provider/certpath/ldap/JdkLDAP done
Event: 1.842 Loading class sun/security/provider/certpath/ldap/JdkLDAP$ProviderService
Event: 1.842 Loading class sun/security/provider/certpath/ldap/JdkLDAP$ProviderService done
Event: 1.892 Loading class java/lang/Thread$ThreadNumbering
Event: 1.893 Loading class java/lang/Thread$ThreadNumbering done
Event: 2.047 Loading class java/util/stream/Streams$ConcatSpliterator$OfRef
Event: 2.048 Loading class java/util/stream/Streams$ConcatSpliterator
Event: 2.048 Loading class java/util/stream/Streams$ConcatSpliterator done
Event: 2.048 Loading class java/util/stream/Streams$ConcatSpliterator$OfRef done
Event: 2.048 Loading class java/util/stream/Streams$2
Event: 2.048 Loading class java/util/stream/Streams$2 done

Classes unloaded (0 events):
No events

Classes redefined (0 events):
No events

Internal exceptions (20 events):
Event: 0.981 Thread 0x000001624500a2d0 Exception <a 'java/lang/NoSuchMethodError'{0x000000008a8e7a20}: 'int java.lang.invoke.DirectMethodHandle$Holder.invokeStatic(java.lang.Object, int, java.lang.Object, java.lang.Object)'> (0x000000008a8e7a20) 
thrown [s\open\src\hotspot\share\interpreter\linkResolver.cpp, line 796]
Event: 0.982 Thread 0x000001624500a2d0 Exception <a 'java/lang/NoSuchMethodError'{0x000000008a8eea18}: 'java.lang.Object java.lang.invoke.DirectMethodHandle$Holder.newInvokeSpecial(java.lang.Object, int, java.lang.Object)'> (0x000000008a8eea18) 
thrown [s\open\src\hotspot\share\interpreter\linkResolver.cpp, line 796]
Event: 0.983 Thread 0x000001624500a2d0 Exception <a 'java/lang/NoSuchMethodError'{0x000000008a8f3470}: 'int java.lang.invoke.DirectMethodHandle$Holder.invokeSpecialIFC(java.lang.Object, java.lang.Object, java.lang.Object, java.lang.Object)'> (0x000000008a8f3470) 
thrown [s\open\src\hotspot\share\interpreter\linkResolver.cpp, line 796]
Event: 1.011 Thread 0x000001624500a2d0 Exception <a 'java/lang/NoSuchMethodError'{0x000000008a794ee8}: 'void java.lang.invoke.DirectMethodHandle$Holder.invokeInterface(java.lang.Object, java.lang.Object, java.lang.Object)'> (0x000000008a794ee8) 
thrown [s\open\src\hotspot\share\interpreter\linkResolver.cpp, line 796]
Event: 1.040 Thread 0x000001624500a2d0 Exception <a 'java/lang/NoSuchMethodError'{0x000000008a616118}: 'void java.lang.invoke.DirectMethodHandle$Holder.invokeStaticInit(java.lang.Object, java.lang.Object, java.lang.Object)'> (0x000000008a616118) 
thrown [s\open\src\hotspot\share\interpreter\linkResolver.cpp, line 796]
Event: 1.047 Thread 0x000001624500a2d0 Exception <a 'java/lang/NoSuchMethodError'{0x000000008a632d10}: 'java.lang.Object java.lang.invoke.DirectMethodHandle$Holder.invokeVirtual(java.lang.Object, java.lang.Object, java.lang.Object)'> (0x000000008a632d10) 
thrown [s\open\src\hotspot\share\interpreter\linkResolver.cpp, line 796]
Event: 1.086 Thread 0x000001624500a2d0 Exception <a 'java/lang/NoSuchMethodError'{0x000000008a6ef6f0}: 'void java.lang.invoke.DirectMethodHandle$Holder.invokeVirtual(java.lang.Object, java.lang.Object, java.lang.Object, java.lang.Object)'> (0x000000008a6ef6f0) 
thrown [s\open\src\hotspot\share\interpreter\linkResolver.cpp, line 796]
Event: 1.229 Thread 0x000001624500a2d0 Exception <a 'java/lang/NoSuchMethodError'{0x000000008a3e4840}: 'java.lang.reflect.Field[] java.lang.Class.getDeclaredFields(java.lang.Class)'> (0x000000008a3e4840) 
thrown [s\open\src\hotspot\share\interpreter\linkResolver.cpp, line 796]
Event: 1.231 Thread 0x000001624500a2d0 Exception <a 'java/lang/NoSuchMethodError'{0x000000008a3e9250}: 'java.lang.Object java.lang.invoke.DirectMethodHandle$Holder.invokeStatic(java.lang.Object, java.lang.Object, int)'> (0x000000008a3e9250) 
thrown [s\open\src\hotspot\share\interpreter\linkResolver.cpp, line 796]
Event: 1.232 Thread 0x000001624500a2d0 Exception <a 'java/lang/NoSuchMethodError'{0x000000008a3f4180}: 'void java.lang.invoke.DelegatingMethodHandle$Holder.delegate(java.lang.Object, java.lang.Object, int, java.lang.Object)'> (0x000000008a3f4180) 
thrown [s\open\src\hotspot\share\interpreter\linkResolver.cpp, line 796]
Event: 1.258 Thread 0x000001624500a2d0 Exception <a 'java/lang/IncompatibleClassChangeError'{0x000000008a285d20}: Found class java.lang.Object, but interface was expected> (0x000000008a285d20) 
thrown [s\open\src\hotspot\share\interpreter\linkResolver.cpp, line 863]
Event: 1.675 Thread 0x00000162410ee680 Exception <a 'java/lang/NoSuchMethodError'{0x000000008a432500}: 'long java.lang.invoke.DirectMethodHandle$Holder.invokeSpecial(java.lang.Object, java.lang.Object)'> (0x000000008a432500) 
thrown [s\open\src\hotspot\share\interpreter\linkResolver.cpp, line 796]
Event: 1.677 Thread 0x00000162410ee680 Exception <a 'java/lang/NoSuchMethodError'{0x000000008a43c288}: 'long java.lang.invoke.DirectMethodHandle$Holder.invokeStatic(java.lang.Object, java.lang.Object)'> (0x000000008a43c288) 
thrown [s\open\src\hotspot\share\interpreter\linkResolver.cpp, line 796]
Event: 1.678 Thread 0x00000162410ee680 Exception <a 'java/lang/NoSuchMethodError'{0x000000008a43f388}: 'long java.lang.invoke.DirectMethodHandle$Holder.invokeStaticInit(java.lang.Object, java.lang.Object)'> (0x000000008a43f388) 
thrown [s\open\src\hotspot\share\interpreter\linkResolver.cpp, line 796]
Event: 1.680 Thread 0x00000162410ee680 Exception <a 'java/lang/NoSuchMethodError'{0x000000008a44b588}: 'long java.lang.invoke.DirectMethodHandle$Holder.invokeInterface(java.lang.Object, java.lang.Object)'> (0x000000008a44b588) 
thrown [s\open\src\hotspot\share\interpreter\linkResolver.cpp, line 796]
Event: 1.681 Thread 0x00000162410ee680 Exception <a 'java/lang/IncompatibleClassChangeError'{0x000000008a44e5b0}: Found class java.lang.Object, but interface was expected> (0x000000008a44e5b0) 
thrown [s\open\src\hotspot\share\interpreter\linkResolver.cpp, line 863]
Event: 1.760 Thread 0x000001624500a2d0 Exception <a 'java/lang/NoSuchMethodError'{0x0000000089f30c20}: 'int java.lang.invoke.DirectMethodHandle$Holder.invokeSpecial(java.lang.Object, java.lang.Object, java.lang.Object, java.lang.Object, java.lang.Object)'> (0x0000000089f30c20) 
thrown [s\open\src\hotspot\share\interpreter\linkResolver.cpp, line 796]
Event: 1.762 Thread 0x000001624500a2d0 Exception <a 'java/lang/NoSuchMethodError'{0x0000000089f39240}: 'void java.lang.invoke.DirectMethodHandle$Holder.invokeVirtual(java.lang.Object, java.lang.Object)'> (0x0000000089f39240) 
thrown [s\open\src\hotspot\share\interpreter\linkResolver.cpp, line 796]
Event: 1.869 Thread 0x000001624500a2d0 Exception <a 'java/lang/IncompatibleClassChangeError'{0x0000000089a42698}: Found class java.lang.Object, but interface was expected> (0x0000000089a42698) 
thrown [s\open\src\hotspot\share\interpreter\linkResolver.cpp, line 863]
Event: 1.927 Thread 0x000001624500a2d0 Exception <a 'java/lang/IncompatibleClassChangeError'{0x00000000896022a8}: Found class java.lang.Object, but interface was expected> (0x00000000896022a8) 
thrown [s\open\src\hotspot\share\interpreter\linkResolver.cpp, line 863]

VM Operations (20 events):
Event: 0.848 Executing VM operation: G1CollectForAllocation (G1 Evacuation Pause)
Event: 0.854 Executing VM operation: G1CollectForAllocation (G1 Evacuation Pause) done
Event: 1.193 Executing VM operation: HandshakeAllThreads (Deoptimize)
Event: 1.194 Executing VM operation: HandshakeAllThreads (Deoptimize) done
Event: 1.198 Executing VM operation: HandshakeAllThreads (Deoptimize)
Event: 1.199 Executing VM operation: HandshakeAllThreads (Deoptimize) done
Event: 1.199 Executing VM operation: HandshakeAllThreads (Deoptimize)
Event: 1.199 Executing VM operation: HandshakeAllThreads (Deoptimize) done
Event: 1.230 Executing VM operation: HandshakeAllThreads (Deoptimize)
Event: 1.230 Executing VM operation: HandshakeAllThreads (Deoptimize) done
Event: 1.418 Executing VM operation: HandshakeAllThreads (Deoptimize)
Event: 1.418 Executing VM operation: HandshakeAllThreads (Deoptimize) done
Event: 1.484 Executing VM operation: G1CollectForAllocation (G1 Evacuation Pause)
Event: 1.494 Executing VM operation: G1CollectForAllocation (G1 Evacuation Pause) done
Event: 1.743 Executing VM operation: HandshakeAllThreads (Deoptimize)
Event: 1.743 Executing VM operation: HandshakeAllThreads (Deoptimize) done
Event: 1.774 Executing VM operation: HandshakeAllThreads (Deoptimize)
Event: 1.774 Executing VM operation: HandshakeAllThreads (Deoptimize) done
Event: 1.812 Executing VM operation: HandshakeAllThreads (Deoptimize)
Event: 1.812 Executing VM operation: HandshakeAllThreads (Deoptimize) done

Memory protections (0 events):
No events

Nmethod flushes (0 events):
No events

Events (16 events):
Event: 0.036 Thread 0x000001624500a2d0 Thread added: 0x000001624500a2d0
Event: 0.049 Thread 0x000001624500a2d0 Thread added: 0x0000016261b7e8c0
Event: 0.049 Thread 0x000001624500a2d0 Thread added: 0x0000016261b80a40
Event: 0.050 Thread 0x000001624500a2d0 Thread added: 0x0000016261b83d20
Event: 0.050 Thread 0x000001624500a2d0 Thread added: 0x0000016261b86790
Event: 0.050 Thread 0x000001624500a2d0 Thread added: 0x0000016261b87550
Event: 0.050 Thread 0x000001624500a2d0 Thread added: 0x0000016261b8ffc0
Event: 0.050 Thread 0x000001624500a2d0 Thread added: 0x0000016261b93870
Event: 0.050 Thread 0x000001624500a2d0 Thread added: 0x0000016261b9a220
Event: 0.095 Thread 0x000001624500a2d0 Thread added: 0x00000162410ef3a0
Event: 0.213 Thread 0x000001624500a2d0 Thread added: 0x00000162410f00c0
Event: 0.213 Thread 0x000001624500a2d0 Thread added: 0x00000162410efa30
Event: 1.218 Thread 0x000001624500a2d0 Thread added: 0x00000162410ee680
Event: 1.884 Thread 0x00000162410ee680 Thread exited: 0x00000162410ee680
Event: 1.893 Thread 0x000001624500a2d0 Thread added: 0x00000162410ed2d0
Event: 1.919 Thread 0x00000162410ed2d0 Thread exited: 0x00000162410ed2d0


Dynamic libraries:
0x00007ff7b60a0000 - 0x00007ff7b60ae000 	C:\Users\AHMED\.jdks\openjdk-23.0.1\bin\java.exe
0x00007fff8e110000 - 0x00007fff8e308000 	C:\WINDOWS\SYSTEM32\ntdll.dll
0x00007fff8c390000 - 0x00007fff8c452000 	C:\WINDOWS\System32\KERNEL32.DLL
0x00007fff8bb40000 - 0x00007fff8be3e000 	C:\WINDOWS\System32\KERNELBASE.dll
0x00007fff8b800000 - 0x00007fff8b900000 	C:\WINDOWS\System32\ucrtbase.dll
0x00007fff75550000 - 0x00007fff7556b000 	C:\Users\AHMED\.jdks\openjdk-23.0.1\bin\VCRUNTIME140.dll
0x00007fff79820000 - 0x00007fff79837000 	C:\Users\AHMED\.jdks\openjdk-23.0.1\bin\jli.dll
0x00007fff8dd20000 - 0x00007fff8debd000 	C:\WINDOWS\System32\USER32.dll
0x00007fff72eb0000 - 0x00007fff7314a000 	C:\WINDOWS\WinSxS\amd64_microsoft.windows.common-controls_6595b64144ccf1df_6.0.19041.4355_none_60b8b9eb71f62e16\COMCTL32.dll
0x00007fff8b900000 - 0x00007fff8b922000 	C:\WINDOWS\System32\win32u.dll
0x00007fff8d670000 - 0x00007fff8d70e000 	C:\WINDOWS\System32\msvcrt.dll
0x00007fff8dc90000 - 0x00007fff8dcbb000 	C:\WINDOWS\System32\GDI32.dll
0x00007fff8be40000 - 0x00007fff8bf57000 	C:\WINDOWS\System32\gdi32full.dll
0x00007fff8c090000 - 0x00007fff8c12d000 	C:\WINDOWS\System32\msvcp_win.dll
0x00007fff8e0a0000 - 0x00007fff8e0cf000 	C:\WINDOWS\System32\IMM32.DLL
0x00007fff87900000 - 0x00007fff8790c000 	C:\Users\AHMED\.jdks\openjdk-23.0.1\bin\vcruntime140_1.dll
0x00007fff48740000 - 0x00007fff487ce000 	C:\Users\AHMED\.jdks\openjdk-23.0.1\bin\msvcp140.dll
0x00007fff37d10000 - 0x00007fff38a5f000 	C:\Users\AHMED\.jdks\openjdk-23.0.1\bin\server\jvm.dll
0x00007fff8dbd0000 - 0x00007fff8dc81000 	C:\WINDOWS\System32\ADVAPI32.dll
0x00007fff8d200000 - 0x00007fff8d29f000 	C:\WINDOWS\System32\sechost.dll
0x00007fff8c150000 - 0x00007fff8c273000 	C:\WINDOWS\System32\RPCRT4.dll
0x00007fff8bff0000 - 0x00007fff8c017000 	C:\WINDOWS\System32\bcrypt.dll
0x00007fff8d600000 - 0x00007fff8d66b000 	C:\WINDOWS\System32\WS2_32.dll
0x00007fff8b320000 - 0x00007fff8b36b000 	C:\WINDOWS\SYSTEM32\POWRPROF.dll
0x00007fff83890000 - 0x00007fff8389a000 	C:\WINDOWS\SYSTEM32\VERSION.dll
0x00007fff731c0000 - 0x00007fff731e7000 	C:\WINDOWS\SYSTEM32\WINMM.dll
0x00007fff8b210000 - 0x00007fff8b222000 	C:\WINDOWS\SYSTEM32\UMPDC.dll
0x00007fff89f90000 - 0x00007fff89fa2000 	C:\WINDOWS\SYSTEM32\kernel.appcore.dll
0x00007fff878e0000 - 0x00007fff878ea000 	C:\Users\AHMED\.jdks\openjdk-23.0.1\bin\jimage.dll
0x00007fff77b70000 - 0x00007fff77d54000 	C:\WINDOWS\SYSTEM32\DBGHELP.DLL
0x00007fff60ce0000 - 0x00007fff60d14000 	C:\WINDOWS\SYSTEM32\dbgcore.DLL
0x00007fff8bf60000 - 0x00007fff8bfe2000 	C:\WINDOWS\System32\bcryptPrimitives.dll
0x00007fff878c0000 - 0x00007fff878cf000 	C:\Users\AHMED\.jdks\openjdk-23.0.1\bin\instrument.dll
0x00007fff68a40000 - 0x00007fff68a5e000 	C:\Users\AHMED\.jdks\openjdk-23.0.1\bin\java.dll
0x00007fff8d0d0000 - 0x00007fff8d1fb000 	C:\WINDOWS\System32\ole32.dll
0x00007fff8d2a0000 - 0x00007fff8d5f3000 	C:\WINDOWS\System32\combase.dll
0x00007fff8c4e0000 - 0x00007fff8cc4d000 	C:\WINDOWS\System32\SHELL32.dll
0x00007fff897d0000 - 0x00007fff89f74000 	C:\WINDOWS\SYSTEM32\windows.storage.dll
0x00007fff8b030000 - 0x00007fff8b05e000 	C:\WINDOWS\SYSTEM32\Wldp.dll
0x00007fff8dec0000 - 0x00007fff8df8d000 	C:\WINDOWS\System32\OLEAUT32.dll
0x00007fff8dff0000 - 0x00007fff8e09d000 	C:\WINDOWS\System32\SHCORE.dll
0x00007fff8c280000 - 0x00007fff8c2d5000 	C:\WINDOWS\System32\shlwapi.dll
0x00007fff8b6e0000 - 0x00007fff8b704000 	C:\WINDOWS\SYSTEM32\profapi.dll
0x00007fff44e70000 - 0x00007fff44f47000 	C:\Users\AHMED\.jdks\openjdk-23.0.1\bin\jsvml.dll
0x00007fff62670000 - 0x00007fff62687000 	C:\Users\AHMED\.jdks\openjdk-23.0.1\bin\zip.dll
0x00007fff87690000 - 0x00007fff876a0000 	C:\Users\AHMED\.jdks\openjdk-23.0.1\bin\net.dll
0x00007fff8ae10000 - 0x00007fff8ae7a000 	C:\WINDOWS\system32\mswsock.dll
0x00007fff679d0000 - 0x00007fff679e6000 	C:\Users\AHMED\.jdks\openjdk-23.0.1\bin\nio.dll
0x00007fff7a9c0000 - 0x00007fff7a9c9000 	C:\Users\AHMED\.jdks\openjdk-23.0.1\bin\extnet.dll
0x00007fff799f0000 - 0x00007fff799fe000 	C:\Users\AHMED\.jdks\openjdk-23.0.1\bin\sunmscapi.dll
0x00007fff8b9e0000 - 0x00007fff8bb3c000 	C:\WINDOWS\System32\CRYPT32.dll
0x00007fff8b1e0000 - 0x00007fff8b207000 	C:\WINDOWS\SYSTEM32\ncrypt.dll
0x00007fff8b1a0000 - 0x00007fff8b1db000 	C:\WINDOWS\SYSTEM32\NTASN1.dll

dbghelp: loaded successfully - version: 4.0.5 - missing functions: none
symbol engine: initialized successfully - sym options: 0x614 - pdb path: .;C:\Users\AHMED\.jdks\openjdk-23.0.1\bin;C:\WINDOWS\SYSTEM32;C:\WINDOWS\WinSxS\amd64_microsoft.windows.common-controls_6595b64144ccf1df_6.0.19041.4355_none_60b8b9eb71f62e16;C:\Users\AHMED\.jdks\openjdk-23.0.1\bin\server

VM Arguments:
jvm_args: -javaagent:C:\Program Files\JetBrains\IntelliJ IDEA Community Edition 2025.2.1\lib\idea_rt.jar=54890 -Dfile.encoding=UTF-8 -Dsun.stdout.encoding=UTF-8 -Dsun.stderr.encoding=UTF-8 
java_command: com.amin.aggar.frontend.FrontendApplication
java_class_path (initial): C:\Users\AHMED\Desktop\aggar-website\aggar-frontend\target\classes;C:\Users\AHMED\.m2\repository\org\springframework\boot\spring-boot-starter-web\4.0.0\spring-boot-starter-web-4.0.0.jar;C:\Users\AHMED\.m2\repository\org\springframework\boot\spring-boot-starter-jackson\4.0.0\spring-boot-starter-jackson-4.0.0.jar;C:\Users\AHMED\.m2\repository\org\springframework\boot\spring-boot-jackson\4.0.0\spring-boot-jackson-4.0.0.jar;C:\Users\AHMED\.m2\repository\tools\jackson\core\jackson-databind\3.0.2\jackson-databind-3.0.2.jar;C:\Users\AHMED\.m2\repository\tools\jackson\core\jackson-core\3.0.2\jackson-core-3.0.2.jar;C:\Users\AHMED\.m2\repository\org\springframework\boot\spring-boot-starter-tomcat\4.0.0\spring-boot-starter-tomcat-4.0.0.jar;C:\Users\AHMED\.m2\repository\org\springframework\boot\spring-boot-starter-tomcat-runtime\4.0.0\spring-boot-starter-tomcat-runtime-4.0.0.jar;C:\Users\AHMED\.m2\repository\org\springframework\boot\spring-boot-web-server\4.0.0\spring-boot-web-server-4.0.0.jar;C:\Users\AHMED\.m2\repository\org\apache\tomcat\embed\tomcat-embed-core\11.0.14\tomcat-embed-core-11.0.14.jar;C:\Users\AHMED\.m2\repository\org\apache\tomcat\embed\tomcat-embed-el\11.0.14\tomcat-embed-el-11.0.14.jar;C:\Users\AHMED\.m2\repository\org\apache\tomcat\embed\tomcat-embed-websocket\11.0.14\tomcat-embed-websocket-11.0.14.jar;C:\Users\AHMED\.m2\repository\org\springframework\boot\spring-boot-tomcat\4.0.0\spring-boot-tomcat-4.0.0.jar;C:\Users\AHMED\.m2\repository\org\springframework\boot\spring-boot-http-converter\4.0.0\spring-boot-http-converter-4.0.0.jar;C:\Users\AHMED\.m2\repository\org\springframework\boot\spring-boot\4.0.0\spring-boot-4.0.0.jar;C:\Users\AHMED\.m2\repository\org\springframework\spring-context\7.0.1\spring-context-7.0.1.jar;C:\Users\AHMED\.m2\repository\org\springframework\spring-web\7.0.1\spring-web-7.0.1.jar;C:\Users\AHMED\.m2\repository\org\springframework\spring-beans\7.0.1\spring-beans-7.0.1.jar;C:\Users\AHMED\.m2\repository\io\micrometer\micrometer-observation\1.16.0\micrometer-observation-1.16.0.jar;C:\Users\AHMED\.m2\repository\io\micrometer\micrometer-commons\1.16.0\micrometer-commons-1.16.0.jar;C:\Users\AHMED\.m2\repository\org\springframework\boot\spring-boot-webmvc\4.0.0\spring-boot-webmvc-4.0.0.jar;C:\Users\AHMED\.m2\repository\org\springframework\boot\spring-boot-servlet\4.0.0\spring-boot-servlet-4.0.0.jar;C:\Users\AHMED\.m2\repository\org\springframework\spring-webmvc\7.0.1\spring-webmvc-7.0.1.jar;C:\Users\AHMED\.m2\repository\org\springframework\spring-aop\7.0.1\spring-aop-7.0.1.jar;C:\Users\AHMED\.m2\repository\org\springframework\spring-expression\7.0.1\spring-expression-7.0.1.jar;C:\Users\AHMED\.m2\repository\org\springframework\boot\spring-boot-starter-thymeleaf\4.0.0\spring-boot-starter-thymeleaf-4.0.0.jar;C:\Users\AHMED\.m2\repository\org\springframework\boot\spring-boot-starter\4.0.0\spring-boot-starter-4.0.0.jar;C:\Users\AHMED\.m2\repository\org\springframework\boot\spring-boot-starter-logging\4.0.0\spring-boot-starter-logging-4.0.0.jar;C:\Users\AHMED\.m2\repository\ch\qos\logback\logback-classic\1.5.21\logback-classic-1.5.21.jar;C:\Users\AHMED\.m2\repository\ch\qos\logback\logback-core\1.5.21\logback-core-1.5.21.jar;C:\Users\AHMED\.m2\repository\org\apache\logging\log4j\log4j-to-slf4j\2.25.2\log4j-to-slf4j-2.25.2.jar;C:\Users\AHMED\.m2\repository\org\apache\logging\log4j\log4j-api\2.25.2\log4j-api-2.25.2.jar;C:\Users\AHMED\.m2\repository\org\slf4j\jul-to-slf4j\2.0.17\jul-to-slf4j-2.0.17.jar;C:\Users\AHMED\.m2\repository\org\springframework\boot\spring-boot-autoconfigure\4.0.0\spring-boot-autoconfigure-4.0.0.jar;C:\Users\AHMED\.m2\repository\jakarta\annotation\jakarta.annotation-api\3.0.0\jakarta.annotation-api-3.0.0.jar;C:\Users\AHMED\.m2\repository\org\yaml\snakeyaml\2.5\snakeyaml-2.5.jar;C:\Users\AHMED\.m2\repository\org\springframework\boot\spring-boot-thymeleaf\4.0.0\spring-boot-thymeleaf-4.0.0.jar;C:\Users\AHMED\.m2\repository\org\thymeleaf\thymeleaf-spring6\3.1.3.RELEASE\thymeleaf-spring6-3.1.3.RELEASE.jar;C:\Users\AHMED\.m2\repository\org\thymeleaf\thymeleaf\3.1.3.RELEASE\thymeleaf-3.1.3.RELEASE.jar;C:\Users\AHMED\.m2\repository\org\attoparser\attoparser\2.0.7.RELEASE\attoparser-2.0.7.RELEASE.jar;C:\Users\AHMED\.m2\repository\org\unbescape\unbescape\1.1.6.RELEASE\unbescape-1.1.6.RELEASE.jar;C:\Users\AHMED\.m2\repository\com\fasterxml\jackson\core\jackson-databind\2.20.1\jackson-databind-2.20.1.jar;C:\Users\AHMED\.m2\repository\com\fasterxml\jackson\core\jackson-annotations\2.20\jackson-annotations-2.20.jar;C:\Users\AHMED\.m2\repository\com\fasterxml\jackson\core\jackson-core\2.20.1\jackson-core-2.20.1.jar;C:\Users\AHMED\.m2\repository\org\slf4j\slf4j-api\2.0.17\slf4j-api-2.0.17.jar;C:\Users\AHMED\.m2\repository\org\springframework\spring-core\7.0.1\spring-core-7.0.1.jar;C:\Users\AHMED\.m2\repository\commons-logging\commons-logging\1.3.5\commons-logging-1.3.5.jar;C:\Users\AHMED\.m2\repository\org\jspecify\jspecify\1.0.0\jspecify-1.0.0.jar
Launcher Type: SUN_STANDARD

[Global flags]
     intx CICompilerCount                          = 4                                         {product} {ergonomic}
     uint ConcGCThreads                            = 2                                         {product} {ergonomic}
     uint G1ConcRefinementThreads                  = 8                                         {product} {ergonomic}
   size_t G1HeapRegionSize                         = 1048576                                   {product} {ergonomic}
   size_t InitialHeapSize                          = 132120576                                 {product} {ergonomic}
   size_t MarkStackSize                            = 4194304                                   {product} {ergonomic}
   size_t MarkStackSizeMax                         = 536870912                                 {product} {ergonomic}
   size_t MaxHeapSize                              = 2099249152                                {product} {ergonomic}
   size_t MaxNewSize                               = 1259339776                                {product} {ergonomic}
   size_t MinHeapDeltaBytes                        = 1048576                                   {product} {ergonomic}
   size_t MinHeapSize                              = 8388608                                   {product} {ergonomic}
    uintx NonNMethodCodeHeapSize                   = 5832704                                {pd product} {ergonomic}
    uintx NonProfiledCodeHeapSize                  = 122945536                              {pd product} {ergonomic}
    uintx ProfiledCodeHeapSize                     = 122880000                              {pd product} {ergonomic}
    uintx ReservedCodeCacheSize                    = 251658240                              {pd product} {ergonomic}
     bool SegmentedCodeCache                       = true                                      {product} {ergonomic}
   size_t SoftMaxHeapSize                          = 2099249152                             {manageable} {ergonomic}
     bool UseCompressedOops                        = true                           {product lp64_product} {ergonomic}
     bool UseG1GC                                  = true                                      {product} {ergonomic}
     bool UseLargePagesIndividualAllocation        = false                                  {pd product} {ergonomic}

Logging:
Log output configuration:
 #0: stdout all=warning uptime,level,tags foldmultilines=false
 #1: stderr all=off uptime,level,tags foldmultilines=false

Environment Variables:
JAVA_HOME=C:\graalvm-jdk-21.0.9
PATH=C:\WINDOWS;C:\WINDOWS\system32;C:\WINDOWS\System32\Wbem;C:\WINDOWS\System32\WindowsPowerShell\v1.0\;C:\WINDOWS\System32\OpenSSH\;C:\ngrok;C:\Program Files\Git\cmd;c:\php84;C:\ProgramData\ComposerSetup\bin;C:\nodejs\;C:\nodejs\node_modules\npm\bin;C:\Users\AHMED\AppData\Roaming\npm;C:\Program Files\JetBrains\IntelliJ IDEA Community Edition 2025.2.1\bin;C:\apache-maven-3.9.11\bin;C:\Program Files\cursor\resources\app\bin;C:\Program Files\PowerShell\7\;C:\Program Files\Docker\Docker\resources\bin;C:\graalvm-jdk-21.0.9\bin;C:\gradle-8.14\bin;C:\Users\AHMED\.local\bin;C:\Users\AHMED\AppData\Local\Microsoft\WindowsApps;C:\Users\AHMED\AppData\Local\Programs\Microsoft VS Code\bin;C:\Users\AHMED\AppData\Roaming\Composer\vendor\bin;C:\nodejs\node_modules\npm\bin;C:\Users\AHMED\AppData\Roaming\npm;C:\Program Files\JetBrains\IntelliJ IDEA Community Edition 2025.2.1\bin;C:\WINDOWS\system32;C:\Users\AHMED\AppData\Local\Programs\Windsurf\bin
USERNAME=AHMED
OS=Windows_NT
PROCESSOR_IDENTIFIER=Intel64 Family 6 Model 142 Stepping 12, GenuineIntel
TMP=C:\Users\AHMED\AppData\Local\Temp
TEMP=C:\Users\AHMED\AppData\Local\Temp




Periodic native trim disabled

---------------  S Y S T E M  ---------------

OS:
 Windows 10 , 64 bit Build 19041 (10.0.19041.5198)
OS uptime: 22 days 18:22 hours
Hyper-V role detected

CPU: total 8 (initial active 8) (4 cores per cpu, 2 threads per core) family 6 model 142 stepping 12 microcode 0xfc, cx8, cmov, fxsr, ht, mmx, 3dnowpref, sse, sse2, sse3, ssse3, sse4.1, sse4.2, popcnt, lzcnt, tsc, tscinvbit, avx, avx2, aes, erms, clmul, bmi1, bmi2, adx, fma, vzeroupper, clflush, clflushopt, hv, rdtscp, f16c
Processor Information for the first 8 processors :
  Max Mhz: 2112, Current Mhz: 1910, Mhz Limit: 1900

Memory: 4k page, system-wide physical 8002M (297M free)
TotalPageFile size 25943M (AvailPageFile size 2M)
current process WorkingSet (physical memory assigned to process): 143M, peak: 143M
current process commit charge ("private bytes"): 266M, peak: 267M

vm_info: OpenJDK 64-Bit Server VM (23.0.1+11-39) for windows-amd64 JRE (23.0.1+11-39), built on 2024-09-30T07:20:43Z with MS VC++ 17.6 (VS2022)

END.
